wandb: Currently logged in as: glcbrero. Use `wandb login --relogin` to force relogin
wandb: wandb version 0.28.0 is available!  To upgrade, please run:
wandb:  $ pip install wandb --upgrade
wandb: Tracking run with wandb version 0.14.2
wandb: Run data is saved locally in /Users/gbrero/active-research/StackelbergPOMDP/Code/StackelbergPOMDP/wandb/run-20260713_160649-at5ppo01
wandb: Run `wandb offline` to turn off syncing.
wandb: Syncing run five_bullet_ppo_seed1_10m
wandb: ⭐️ View project at https://wandb.ai/glcbrero/StackPOMDP
wandb: 🚀 View run at https://wandb.ai/glcbrero/StackPOMDP/runs/at5ppo01
synced_step=5000
synced_step=10000
synced_step=15000
synced_step=20000
synced_step=25000
synced_step=30000
synced_step=35000
synced_step=40000
synced_step=45000
synced_step=50000
synced_step=55000
synced_step=60000
synced_step=65000
synced_step=70000
synced_step=75000
synced_step=80000
synced_step=85000
synced_step=90000
synced_step=95000
synced_step=100000
synced_step=105000
synced_step=110000
synced_step=115000
synced_step=120000
synced_step=125000
synced_step=130000
synced_step=135000
synced_step=140000
synced_step=145000
synced_step=150000
synced_step=155000
synced_step=160000
synced_step=165000
synced_step=170000
synced_step=175000
synced_step=180000
synced_step=185000
synced_step=190000
synced_step=195000
synced_step=200000
synced_step=205000
synced_step=210000
synced_step=215000
synced_step=220000
synced_step=225000
synced_step=230000
synced_step=235000
synced_step=240000
synced_step=245000
synced_step=250000
synced_step=255000
synced_step=260000
synced_step=265000
synced_step=270000
synced_step=275000
synced_step=280000
synced_step=285000
synced_step=290000
synced_step=295000
synced_step=300000
synced_step=305000
synced_step=310000
synced_step=315000
synced_step=320000
synced_step=325000
synced_step=330000
synced_step=335000
synced_step=340000
synced_step=345000
synced_step=350000
synced_step=355000
synced_step=360000
synced_step=365000
synced_step=370000
synced_step=375000
synced_step=380000
synced_step=385000
synced_step=390000
synced_step=395000
synced_step=400000
synced_step=405000
synced_step=410000
synced_step=415000
synced_step=420000
synced_step=425000
synced_step=430000
synced_step=435000
synced_step=440000
synced_step=445000
synced_step=450000
synced_step=455000
synced_step=460000
synced_step=465000
synced_step=470000
synced_step=475000
synced_step=480000
synced_step=485000
synced_step=490000
