I0713 13:25:32.757222 6339990 ev_poll_posix.cc:593] FD from fork parent still in poll list: fd(11, generation: 1)
I0713 13:25:32.784703 6340018 ev_poll_posix.cc:593] FD from fork parent still in poll list: fd(11, generation: 1)
I0713 13:25:32.804038 6340063 ev_poll_posix.cc:593] FD from fork parent still in poll list: fd(11, generation: 1)
2026-07-13 13:25:32,914	INFO worker.py:1518 -- Started a local Ray instance.
I0713 13:25:33.841328 6339773 fork_posix.cc:71] Other threads are currently calling into gRPC, skipping fork() handlers
I0713 13:25:33.857037 6340962 ev_poll_posix.cc:593] FD from fork parent still in poll list: fd(11, generation: 1)
2026-07-13 13:25:33,861	WARNING ppo.py:350 -- `train_batch_size` (5000) cannot be achieved with your other settings (num_workers=4 num_envs_per_worker=1 rollout_fragment_length=100)! Auto-adjusting `rollout_fragment_length` to 1250.
2026-07-13 13:25:33,861	INFO ppo.py:378 -- In multi-agent mode, policies will be optimized sequentially by the multi-GPU optimizer. Consider setting simple_optimizer=True if this doesn't work for you.
2026-07-13 13:25:33,862	INFO algorithm.py:355 -- Current log_level is WARN. For more information, set 'log_level': 'INFO' / 'DEBUG' or use the -v and -vv flags.
[2m[36m(RolloutWorker pid=47058)[0m [W NNPACK.cpp:64] Could not initialize NNPACK! Reason: Unsupported hardware.
[2m[36m(RolloutWorker pid=47059)[0m [W NNPACK.cpp:64] Could not initialize NNPACK! Reason: Unsupported hardware.
[2m[36m(RolloutWorker pid=47056)[0m 2026-07-13 13:25:36,723	WARNING env.py:142 -- Your env doesn't have a .spec.max_episode_steps attribute. This is fine if you have set 'horizon' in your config dictionary, or `soft_horizon`. However, if you haven't, 'horizon' will default to infinity, and your environment will not be reset.
[2m[36m(RolloutWorker pid=47056)[0m [W NNPACK.cpp:64] Could not initialize NNPACK! Reason: Unsupported hardware.
[2m[36m(RolloutWorker pid=47057)[0m [W NNPACK.cpp:64] Could not initialize NNPACK! Reason: Unsupported hardware.
[W NNPACK.cpp:64] Could not initialize NNPACK! Reason: Unsupported hardware.
2026-07-13 13:25:37,023	WARNING util.py:66 -- Install gputil for GPU system monitoring.
I0713 13:25:37.076290 6339773 fork_posix.cc:71] Other threads are currently calling into gRPC, skipping fork() handlers
I0713 13:25:37.133716 6339773 fork_posix.cc:71] Other threads are currently calling into gRPC, skipping fork() handlers
I0713 13:25:37.337047 6339773 fork_posix.cc:71] Other threads are currently calling into gRPC, skipping fork() handlers
I0713 13:25:37.367949 6339773 fork_posix.cc:71] Other threads are currently calling into gRPC, skipping fork() handlers
I0713 13:25:37.397040 6339773 fork_posix.cc:71] Other threads are currently calling into gRPC, skipping fork() handlers
I0713 13:25:37.414390 6341616 ev_poll_posix.cc:593] FD from fork parent still in poll list: fd(11, generation: 1)
I0713 13:25:37.414507 6341616 ev_poll_posix.cc:593] FD from fork parent still in poll list: fd(11, generation: 1)
I0713 13:25:37.414515 6341616 ev_poll_posix.cc:593] FD from fork parent still in poll list: fd(11, generation: 1)
I0713 13:25:37.414522 6341616 ev_poll_posix.cc:593] FD from fork parent still in poll list: fd(11, generation: 1)
I0713 13:25:37.414527 6341616 ev_poll_posix.cc:593] FD from fork parent still in poll list: fd(11, generation: 1)
I0713 13:25:37.414532 6341616 ev_poll_posix.cc:593] FD from fork parent still in poll list: fd(11, generation: 1)
I0713 13:25:37.414539 6341616 ev_poll_posix.cc:593] FD from fork parent still in poll list: fd(11, generation: 1)
I0713 13:25:37.414542 6341616 ev_poll_posix.cc:593] FD from fork parent still in poll list: fd(11, generation: 1)
I0713 13:25:37.414546 6341616 ev_poll_posix.cc:593] FD from fork parent still in poll list: fd(11, generation: 1)
I0713 13:25:37.414551 6341616 ev_poll_posix.cc:593] FD from fork parent still in poll list: fd(11, generation: 1)
I0713 13:25:37.414556 6341616 ev_poll_posix.cc:593] FD from fork parent still in poll list: fd(11, generation: 1)
I0713 13:25:37.414559 6341616 ev_poll_posix.cc:593] FD from fork parent still in poll list: fd(11, generation: 1)
I0713 13:25:37.414578 6341616 ev_poll_posix.cc:593] FD from fork parent still in poll list: fd(11, generation: 1)
I0713 13:25:37.414582 6341616 ev_poll_posix.cc:593] FD from fork parent still in poll list: fd(11, generation: 1)
I0713 13:25:37.414584 6341616 ev_poll_posix.cc:593] FD from fork parent still in poll list: fd(11, generation: 1)
I0713 13:25:37.414587 6341616 ev_poll_posix.cc:593] FD from fork parent still in poll list: fd(11, generation: 1)
I0713 13:25:37.414589 6341616 ev_poll_posix.cc:593] FD from fork parent still in poll list: fd(11, generation: 1)
I0713 13:25:37.414592 6341616 ev_poll_posix.cc:593] FD from fork parent still in poll list: fd(11, generation: 1)
I0713 13:25:37.414594 6341616 ev_poll_posix.cc:593] FD from fork parent still in poll list: fd(11, generation: 1)
I0713 13:25:37.414597 6341616 ev_poll_posix.cc:593] FD from fork parent still in poll list: fd(11, generation: 1)
I0713 13:25:37.414599 6341616 ev_poll_posix.cc:593] FD from fork parent still in poll list: fd(11, generation: 1)
I0713 13:25:37.414602 6341616 ev_poll_posix.cc:593] FD from fork parent still in poll list: fd(11, generation: 1)
I0713 13:25:37.414604 6341616 ev_poll_posix.cc:593] FD from fork parent still in poll list: fd(11, generation: 1)
I0713 13:25:37.414606 6341616 ev_poll_posix.cc:593] FD from fork parent still in poll list: fd(11, generation: 1)
I0713 13:25:37.414609 6341616 ev_poll_posix.cc:593] FD from fork parent still in poll list: fd(11, generation: 1)
I0713 13:25:37.414611 6341616 ev_poll_posix.cc:593] FD from fork parent still in poll list: fd(11, generation: 1)
I0713 13:25:37.414613 6341616 ev_poll_posix.cc:593] FD from fork parent still in poll list: fd(11, generation: 1)
I0713 13:25:37.414616 6341616 ev_poll_posix.cc:593] FD from fork parent still in poll list: fd(11, generation: 1)
I0713 13:25:37.414618 6341616 ev_poll_posix.cc:593] FD from fork parent still in poll list: fd(11, generation: 1)
I0713 13:25:37.414620 6341616 ev_poll_posix.cc:593] FD from fork parent still in poll list: fd(11, generation: 1)
I0713 13:25:37.414622 6341616 ev_poll_posix.cc:593] FD from fork parent still in poll list: fd(11, generation: 1)
I0713 13:25:37.414625 6341616 ev_poll_posix.cc:593] FD from fork parent still in poll list: fd(11, generation: 1)
I0713 13:25:37.414627 6341616 ev_poll_posix.cc:593] FD from fork parent still in poll list: fd(11, generation: 1)
I0713 13:25:37.414629 6341616 ev_poll_posix.cc:593] FD from fork parent still in poll list: fd(11, generation: 1)
I0713 13:25:37.414632 6341616 ev_poll_posix.cc:593] FD from fork parent still in poll list: fd(11, generation: 1)
I0713 13:25:37.414634 6341616 ev_poll_posix.cc:593] FD from fork parent still in poll list: fd(11, generation: 1)
I0713 13:25:37.414636 6341616 ev_poll_posix.cc:593] FD from fork parent still in poll list: fd(11, generation: 1)
I0713 13:25:37.414638 6341616 ev_poll_posix.cc:593] FD from fork parent still in poll list: fd(11, generation: 1)
I0713 13:25:37.414641 6341616 ev_poll_posix.cc:593] FD from fork parent still in poll list: fd(11, generation: 1)
I0713 13:25:37.414643 6341616 ev_poll_posix.cc:593] FD from fork parent still in poll list: fd(11, generation: 1)
I0713 13:25:37.414645 6341616 ev_poll_posix.cc:593] FD from fork parent still in poll list: fd(11, generation: 1)
I0713 13:25:37.414647 6341616 ev_poll_posix.cc:593] FD from fork parent still in poll list: fd(11, generation: 1)
I0713 13:25:37.414650 6341616 ev_poll_posix.cc:593] FD from fork parent still in poll list: fd(11, generation: 1)
I0713 13:25:37.414652 6341616 ev_poll_posix.cc:593] FD from fork parent still in poll list: fd(11, generation: 1)
I0713 13:25:37.414655 6341616 ev_poll_posix.cc:593] FD from fork parent still in poll list: fd(11, generation: 1)
I0713 13:25:37.414657 6341616 ev_poll_posix.cc:593] FD from fork parent still in poll list: fd(11, generation: 1)
I0713 13:25:37.414659 6341616 ev_poll_posix.cc:593] FD from fork parent still in poll list: fd(11, generation: 1)
I0713 13:25:37.414661 6341616 ev_poll_posix.cc:593] FD from fork parent still in poll list: fd(11, generation: 1)
I0713 13:25:37.414668 6341616 ev_poll_posix.cc:593] FD from fork parent still in poll list: fd(11, generation: 1)
I0713 13:25:37.414670 6341616 ev_poll_posix.cc:593] FD from fork parent still in poll list: fd(11, generation: 1)
I0713 13:25:37.414673 6341616 ev_poll_posix.cc:593] FD from fork parent still in poll list: fd(11, generation: 1)
I0713 13:25:37.414675 6341616 ev_poll_posix.cc:593] FD from fork parent still in poll list: fd(11, generation: 1)
I0713 13:25:37.414678 6341616 ev_poll_posix.cc:593] FD from fork parent still in poll list: fd(11, generation: 1)
I0713 13:25:37.414680 6341616 ev_poll_posix.cc:593] FD from fork parent still in poll list: fd(11, generation: 1)
I0713 13:25:37.414683 6341616 ev_poll_posix.cc:593] FD from fork parent still in poll list: fd(11, generation: 1)
I0713 13:25:37.414685 6341616 ev_poll_posix.cc:593] FD from fork parent still in poll list: fd(11, generation: 1)
I0713 13:25:37.414687 6341616 ev_poll_posix.cc:593] FD from fork parent still in poll list: fd(11, generation: 1)
I0713 13:25:37.426071 6339773 fork_posix.cc:71] Other threads are currently calling into gRPC, skipping fork() handlers
I0713 13:25:37.485558 6339773 fork_posix.cc:71] Other threads are currently calling into gRPC, skipping fork() handlers
I0713 13:25:37.501267 6341701 ev_poll_posix.cc:593] FD from fork parent still in poll list: fd(11, generation: 1)
wandb: Currently logged in as: glcbrero. Use `wandb login --relogin` to force relogin
I0713 13:25:38.708286 6339773 fork_posix.cc:71] Other threads are currently calling into gRPC, skipping fork() handlers
I0713 13:25:38.729566 6341886 ev_poll_posix.cc:593] FD from fork parent still in poll list: fd(11, generation: 1)
wandb: wandb version 0.28.0 is available!  To upgrade, please run:
wandb:  $ pip install wandb --upgrade
wandb: Tracking run with wandb version 0.14.2
wandb: Run data is saved locally in /Users/gbrero/active-research/StackelbergPOMDP/Code/StackelbergPOMDP/wandb/run-20260713_132538-7ynogx5o
wandb: Run `wandb offline` to turn off syncing.
wandb: Syncing run five_bullet_ppo_seed1_10m
wandb: ⭐️ View project at https://wandb.ai/glcbrero/StackPOMDP-Atari
wandb: 🚀 View run at https://wandb.ai/glcbrero/StackPOMDP-Atari/runs/7ynogx5o
iter=   1 steps=     5000 reward=  1.423 length=  175.3 shots= 4.42 ammo= 0.58 reward_per_bullet=  0.385 sps=    40
[2m[36m(RolloutWorker pid=47059)[0m I0713 13:28:47.053552 6341066 chttp2_transport.cc:1369] ipv4:127.0.0.1:60927: Got goaway [11] err=UNAVAILABLE:GOAWAY received; Error code: 11; Debug Text: too_many_pings {http2_error:11, grpc_status:14}
[2m[36m(RolloutWorker pid=47059)[0m E0713 13:28:47.053679 6341066 chttp2_transport.cc:1401] ipv4:127.0.0.1:60927: Received a GOAWAY with error code ENHANCE_YOUR_CALM and debug data equal to "too_many_pings". Current keepalive time (before throttling): 60000ms
[2m[36m(RolloutWorker pid=47058)[0m I0713 13:28:47.153102 6341040 chttp2_transport.cc:1369] ipv4:127.0.0.1:60927: Got goaway [11] err=UNAVAILABLE:GOAWAY received; Error code: 11; Debug Text: too_many_pings {http2_error:11, grpc_status:14}
[2m[36m(RolloutWorker pid=47058)[0m E0713 13:28:47.153233 6341040 chttp2_transport.cc:1401] ipv4:127.0.0.1:60927: Received a GOAWAY with error code ENHANCE_YOUR_CALM and debug data equal to "too_many_pings". Current keepalive time (before throttling): 60000ms
[2m[36m(RolloutWorker pid=47056)[0m I0713 13:28:47.159141 6341010 chttp2_transport.cc:1369] ipv4:127.0.0.1:60927: Got goaway [11] err=UNAVAILABLE:GOAWAY received; Error code: 11; Debug Text: too_many_pings {http2_error:11, grpc_status:14}
[2m[36m(RolloutWorker pid=47056)[0m E0713 13:28:47.159262 6341010 chttp2_transport.cc:1401] ipv4:127.0.0.1:60927: Received a GOAWAY with error code ENHANCE_YOUR_CALM and debug data equal to "too_many_pings". Current keepalive time (before throttling): 60000ms
[2m[36m(RolloutWorker pid=47057)[0m I0713 13:28:47.125514 6341009 chttp2_transport.cc:1369] ipv4:127.0.0.1:60927: Got goaway [11] err=UNAVAILABLE:GOAWAY received; Error code: 11; Debug Text: too_many_pings {grpc_status:14, http2_error:11}
[2m[36m(RolloutWorker pid=47057)[0m E0713 13:28:47.125638 6341009 chttp2_transport.cc:1401] ipv4:127.0.0.1:60927: Received a GOAWAY with error code ENHANCE_YOUR_CALM and debug data equal to "too_many_pings". Current keepalive time (before throttling): 60000ms
[2m[36m(pid=47041)[0m I0713 13:29:44.101037 6340515 chttp2_transport.cc:1369] ipv4:127.0.0.1:60927: Got goaway [11] err=UNAVAILABLE:GOAWAY received; Error code: 11; Debug Text: too_many_pings {http2_error:11, grpc_status:14}
[2m[36m(pid=47041)[0m E0713 13:29:44.101198 6340515 chttp2_transport.cc:1401] ipv4:127.0.0.1:60927: Received a GOAWAY with error code ENHANCE_YOUR_CALM and debug data equal to "too_many_pings". Current keepalive time (before throttling): 60000ms
[2m[36m(pid=47049)[0m I0713 13:29:44.169647 6340718 chttp2_transport.cc:1369] ipv4:127.0.0.1:60927: Got goaway [11] err=UNAVAILABLE:GOAWAY received; Error code: 11; Debug Text: too_many_pings {grpc_status:14, http2_error:11}
[2m[36m(pid=47049)[0m E0713 13:29:44.169802 6340718 chttp2_transport.cc:1401] ipv4:127.0.0.1:60927: Received a GOAWAY with error code ENHANCE_YOUR_CALM and debug data equal to "too_many_pings". Current keepalive time (before throttling): 60000ms
[2m[36m(pid=47051)[0m I0713 13:29:44.139404 6340557 chttp2_transport.cc:1369] ipv4:127.0.0.1:60927: Got goaway [11] err=UNAVAILABLE:GOAWAY received; Error code: 11; Debug Text: too_many_pings {http2_error:11, grpc_status:14}
[2m[36m(pid=47051)[0m E0713 13:29:44.139563 6340557 chttp2_transport.cc:1401] ipv4:127.0.0.1:60927: Received a GOAWAY with error code ENHANCE_YOUR_CALM and debug data equal to "too_many_pings". Current keepalive time (before throttling): 60000ms
[2m[36m(pid=47047)[0m I0713 13:29:44.153064 6340682 chttp2_transport.cc:1369] ipv4:127.0.0.1:60927: Got goaway [11] err=UNAVAILABLE:GOAWAY received; Error code: 11; Debug Text: too_many_pings {http2_error:11, grpc_status:14}
[2m[36m(pid=47047)[0m E0713 13:29:44.153214 6340682 chttp2_transport.cc:1401] ipv4:127.0.0.1:60927: Received a GOAWAY with error code ENHANCE_YOUR_CALM and debug data equal to "too_many_pings". Current keepalive time (before throttling): 60000ms
iter=   2 steps=    10000 reward=  1.361 length=  154.1 shots= 4.30 ammo= 0.70 reward_per_bullet=  0.364 sps=    40
[2m[36m(pid=47053)[0m I0713 13:29:53.902839 6340784 chttp2_transport.cc:1369] ipv4:127.0.0.1:60927: Got goaway [11] err=UNAVAILABLE:GOAWAY received; Error code: 11; Debug Text: too_many_pings {http2_error:11, grpc_status:14}
[2m[36m(pid=47053)[0m E0713 13:29:53.903000 6340784 chttp2_transport.cc:1401] ipv4:127.0.0.1:60927: Received a GOAWAY with error code ENHANCE_YOUR_CALM and debug data equal to "too_many_pings". Current keepalive time (before throttling): 60000ms
[2m[36m(pid=47054)[0m I0713 13:29:53.904336 6340794 chttp2_transport.cc:1369] ipv4:127.0.0.1:60927: Got goaway [11] err=UNAVAILABLE:GOAWAY received; Error code: 11; Debug Text: too_many_pings {grpc_status:14, http2_error:11}
[2m[36m(pid=47054)[0m E0713 13:29:53.904470 6340794 chttp2_transport.cc:1401] ipv4:127.0.0.1:60927: Received a GOAWAY with error code ENHANCE_YOUR_CALM and debug data equal to "too_many_pings". Current keepalive time (before throttling): 60000ms
[2m[36m(pid=47031)[0m I0713 13:29:54.096624 6340528 chttp2_transport.cc:1369] ipv4:127.0.0.1:60927: Got goaway [11] err=UNAVAILABLE:GOAWAY received; Error code: 11; Debug Text: too_many_pings {http2_error:11, grpc_status:14}
[2m[36m(pid=47031)[0m E0713 13:29:54.111753 6340528 chttp2_transport.cc:1401] ipv4:127.0.0.1:60927: Received a GOAWAY with error code ENHANCE_YOUR_CALM and debug data equal to "too_many_pings". Current keepalive time (before throttling): 60000ms
[2m[36m(pid=47052)[0m I0713 13:29:54.151817 6340698 chttp2_transport.cc:1369] ipv4:127.0.0.1:60927: Got goaway [11] err=UNAVAILABLE:GOAWAY received; Error code: 11; Debug Text: too_many_pings {grpc_status:14, http2_error:11}
[2m[36m(pid=47052)[0m E0713 13:29:54.151973 6340698 chttp2_transport.cc:1401] ipv4:127.0.0.1:60927: Received a GOAWAY with error code ENHANCE_YOUR_CALM and debug data equal to "too_many_pings". Current keepalive time (before throttling): 60000ms
[2m[36m(pid=47037)[0m I0713 13:29:54.131844 6340461 chttp2_transport.cc:1369] ipv4:127.0.0.1:60927: Got goaway [11] err=UNAVAILABLE:GOAWAY received; Error code: 11; Debug Text: too_many_pings {http2_error:11, grpc_status:14}
[2m[36m(pid=47037)[0m E0713 13:29:54.132020 6340461 chttp2_transport.cc:1401] ipv4:127.0.0.1:60927: Received a GOAWAY with error code ENHANCE_YOUR_CALM and debug data equal to "too_many_pings". Current keepalive time (before throttling): 60000ms
[2m[36m(pid=47050)[0m I0713 13:29:54.135611 6340666 chttp2_transport.cc:1369] ipv4:127.0.0.1:60927: Got goaway [11] err=UNAVAILABLE:GOAWAY received; Error code: 11; Debug Text: too_many_pings {grpc_status:14, http2_error:11}
[2m[36m(pid=47050)[0m E0713 13:29:54.135746 6340666 chttp2_transport.cc:1401] ipv4:127.0.0.1:60927: Received a GOAWAY with error code ENHANCE_YOUR_CALM and debug data equal to "too_many_pings". Current keepalive time (before throttling): 60000ms
[2m[36m(pid=47040)[0m I0713 13:29:54.123755 6340559 chttp2_transport.cc:1369] ipv4:127.0.0.1:60927: Got goaway [11] err=UNAVAILABLE:GOAWAY received; Error code: 11; Debug Text: too_many_pings {grpc_status:14, http2_error:11}
[2m[36m(pid=47040)[0m E0713 13:29:54.123919 6340559 chttp2_transport.cc:1401] ipv4:127.0.0.1:60927: Received a GOAWAY with error code ENHANCE_YOUR_CALM and debug data equal to "too_many_pings". Current keepalive time (before throttling): 60000ms
[2m[36m(pid=47043)[0m I0713 13:29:54.158804 6340494 chttp2_transport.cc:1369] ipv4:127.0.0.1:60927: Got goaway [11] err=UNAVAILABLE:GOAWAY received; Error code: 11; Debug Text: too_many_pings {http2_error:11, grpc_status:14}
[2m[36m(pid=47043)[0m E0713 13:29:54.158949 6340494 chttp2_transport.cc:1401] ipv4:127.0.0.1:60927: Received a GOAWAY with error code ENHANCE_YOUR_CALM and debug data equal to "too_many_pings". Current keepalive time (before throttling): 60000ms
iter=   3 steps=    15000 reward=  1.387 length=  159.9 shots= 4.40 ammo= 0.60 reward_per_bullet=  0.359 sps=    40
iter=   4 steps=    20000 reward=  1.380 length=  159.4 shots= 4.36 ammo= 0.64 reward_per_bullet=  0.347 sps=    40
iter=   5 steps=    25000 reward=  1.450 length=  164.1 shots= 4.41 ammo= 0.59 reward_per_bullet=  0.362 sps=    40
iter=   6 steps=    30000 reward=  1.440 length=  155.2 shots= 4.26 ammo= 0.74 reward_per_bullet=  0.368 sps=    41
iter=   7 steps=    35000 reward=  1.480 length=  165.8 shots= 4.33 ammo= 0.67 reward_per_bullet=  0.381 sps=    41
iter=   8 steps=    40000 reward=  1.340 length=  160.4 shots= 4.17 ammo= 0.83 reward_per_bullet=  0.366 sps=    41
iter=   9 steps=    45000 reward=  1.320 length=  159.1 shots= 4.21 ammo= 0.79 reward_per_bullet=  0.359 sps=    41
iter=  10 steps=    50000 reward=  1.410 length=  154.1 shots= 4.21 ammo= 0.79 reward_per_bullet=  0.365 sps=    41
iter=  11 steps=    55000 reward=  1.630 length=  159.6 shots= 4.31 ammo= 0.69 reward_per_bullet=  0.408 sps=    41
iter=  12 steps=    60000 reward=  1.720 length=  161.9 shots= 4.40 ammo= 0.60 reward_per_bullet=  0.407 sps=    41
iter=  13 steps=    65000 reward=  1.770 length=  167.7 shots= 4.37 ammo= 0.63 reward_per_bullet=  0.421 sps=    41
iter=  14 steps=    70000 reward=  1.680 length=  167.5 shots= 4.37 ammo= 0.63 reward_per_bullet=  0.401 sps=    41
iter=  15 steps=    75000 reward=  1.720 length=  175.9 shots= 4.36 ammo= 0.64 reward_per_bullet=  0.419 sps=    41
iter=  16 steps=    80000 reward=  1.520 length=  171.2 shots= 4.25 ammo= 0.75 reward_per_bullet=  0.401 sps=    41
iter=  17 steps=    85000 reward=  1.530 length=  170.2 shots= 4.19 ammo= 0.81 reward_per_bullet=  0.404 sps=    41
iter=  18 steps=    90000 reward=  1.540 length=  159.0 shots= 4.12 ammo= 0.88 reward_per_bullet=  0.414 sps=    41
iter=  19 steps=    95000 reward=  1.670 length=  156.9 shots= 4.16 ammo= 0.84 reward_per_bullet=  0.419 sps=    41
iter=  20 steps=   100000 reward=  1.710 length=  164.8 shots= 4.13 ammo= 0.87 reward_per_bullet=  0.430 sps=    41
iter=  21 steps=   105000 reward=  1.760 length=  176.5 shots= 4.31 ammo= 0.69 reward_per_bullet=  0.419 sps=    41
iter=  22 steps=   110000 reward=  1.850 length=  182.1 shots= 4.42 ammo= 0.58 reward_per_bullet=  0.427 sps=    41
iter=  23 steps=   115000 reward=  1.820 length=  180.9 shots= 4.41 ammo= 0.59 reward_per_bullet=  0.421 sps=    41
iter=  24 steps=   120000 reward=  1.860 length=  187.5 shots= 4.37 ammo= 0.63 reward_per_bullet=  0.439 sps=    32
iter=  25 steps=   125000 reward=  1.850 length=  194.4 shots= 4.40 ammo= 0.60 reward_per_bullet=  0.436 sps=    22
checkpoint=/Users/gbrero/active-research/StackelbergPOMDP/Code/StackelbergPOMDP/replication/atari/checkpoints/space_invaders_5bullets_ppo_seed1.pkl
iter=  26 steps=   130000 reward=  1.790 length=  183.9 shots= 4.30 ammo= 0.70 reward_per_bullet=  0.429 sps=    22
iter=  27 steps=   135000 reward=  1.880 length=  198.8 shots= 4.32 ammo= 0.68 reward_per_bullet=  0.449 sps=    22
iter=  28 steps=   140000 reward=  1.880 length=  194.4 shots= 4.42 ammo= 0.58 reward_per_bullet=  0.437 sps=    23
iter=  29 steps=   145000 reward=  1.930 length=  181.8 shots= 4.38 ammo= 0.62 reward_per_bullet=  0.460 sps=    23
iter=  30 steps=   150000 reward=  1.980 length=  181.4 shots= 4.40 ammo= 0.60 reward_per_bullet=  0.458 sps=    24
iter=  31 steps=   155000 reward=  1.850 length=  172.6 shots= 4.33 ammo= 0.67 reward_per_bullet=  0.430 sps=    24
iter=  32 steps=   160000 reward=  1.750 length=  179.2 shots= 4.37 ammo= 0.63 reward_per_bullet=  0.394 sps=    23
iter=  33 steps=   165000 reward=  1.880 length=  184.9 shots= 4.44 ammo= 0.56 reward_per_bullet=  0.414 sps=    23
iter=  34 steps=   170000 reward=  1.970 length=  178.7 shots= 4.58 ammo= 0.42 reward_per_bullet=  0.413 sps=    24
iter=  35 steps=   175000 reward=  2.000 length=  177.3 shots= 4.59 ammo= 0.41 reward_per_bullet=  0.431 sps=    24
iter=  36 steps=   180000 reward=  1.910 length=  164.5 shots= 4.39 ammo= 0.61 reward_per_bullet=  0.433 sps=    24
iter=  37 steps=   185000 reward=  1.930 length=  156.5 shots= 4.29 ammo= 0.71 reward_per_bullet=  0.452 sps=    25
iter=  38 steps=   190000 reward=  1.880 length=  164.5 shots= 4.32 ammo= 0.68 reward_per_bullet=  0.433 sps=    25
iter=  39 steps=   195000 reward=  1.920 length=  174.2 shots= 4.27 ammo= 0.73 reward_per_bullet=  0.445 sps=    25
iter=  40 steps=   200000 reward=  1.970 length=  180.8 shots= 4.35 ammo= 0.65 reward_per_bullet=  0.449 sps=    25
iter=  41 steps=   205000 reward=  1.940 length=  181.7 shots= 4.30 ammo= 0.70 reward_per_bullet=  0.446 sps=    26
iter=  42 steps=   210000 reward=  2.020 length=  178.5 shots= 4.28 ammo= 0.72 reward_per_bullet=  0.471 sps=    26
wandb: ERROR Dropped streaming file chunk (see wandb/debug-internal.log)
wandb: ERROR Dropped streaming file chunk (see wandb/debug-internal.log)
iter=  43 steps=   215000 reward=  1.990 length=  177.7 shots= 4.37 ammo= 0.63 reward_per_bullet=  0.463 sps=    26
wandb: ERROR Dropped streaming file chunk (see wandb/debug-internal.log)
wandb: ERROR Dropped streaming file chunk (see wandb/debug-internal.log)
wandb: ERROR Dropped streaming file chunk (see wandb/debug-internal.log)
wandb: ERROR Dropped streaming file chunk (see wandb/debug-internal.log)
iter=  44 steps=   220000 reward=  1.980 length=  175.5 shots= 4.38 ammo= 0.62 reward_per_bullet=  0.456 sps=    26
wandb: ERROR Dropped streaming file chunk (see wandb/debug-internal.log)
wandb: ERROR Dropped streaming file chunk (see wandb/debug-internal.log)
wandb: ERROR Dropped streaming file chunk (see wandb/debug-internal.log)
wandb: ERROR Dropped streaming file chunk (see wandb/debug-internal.log)
iter=  45 steps=   225000 reward=  1.920 length=  161.9 shots= 4.33 ammo= 0.67 reward_per_bullet=  0.448 sps=    26
wandb: ERROR Dropped streaming file chunk (see wandb/debug-internal.log)
wandb: ERROR Dropped streaming file chunk (see wandb/debug-internal.log)
wandb: ERROR Dropped streaming file chunk (see wandb/debug-internal.log)
wandb: ERROR Dropped streaming file chunk (see wandb/debug-internal.log)
iter=  46 steps=   230000 reward=  1.820 length=  161.3 shots= 4.45 ammo= 0.55 reward_per_bullet=  0.422 sps=    27
wandb: ERROR Dropped streaming file chunk (see wandb/debug-internal.log)
wandb: ERROR Dropped streaming file chunk (see wandb/debug-internal.log)
wandb: ERROR Dropped streaming file chunk (see wandb/debug-internal.log)
wandb: ERROR Dropped streaming file chunk (see wandb/debug-internal.log)
iter=  47 steps=   235000 reward=  1.770 length=  165.6 shots= 4.45 ammo= 0.55 reward_per_bullet=  0.416 sps=    27
wandb: ERROR Dropped streaming file chunk (see wandb/debug-internal.log)
wandb: ERROR Dropped streaming file chunk (see wandb/debug-internal.log)
wandb: ERROR Dropped streaming file chunk (see wandb/debug-internal.log)
wandb: ERROR Dropped streaming file chunk (see wandb/debug-internal.log)
iter=  48 steps=   240000 reward=  1.690 length=  167.3 shots= 4.42 ammo= 0.58 reward_per_bullet=  0.408 sps=    27
wandb: ERROR Dropped streaming file chunk (see wandb/debug-internal.log)
wandb: ERROR Dropped streaming file chunk (see wandb/debug-internal.log)
wandb: ERROR Dropped streaming file chunk (see wandb/debug-internal.log)
wandb: ERROR Dropped streaming file chunk (see wandb/debug-internal.log)
iter=  49 steps=   245000 reward=  1.800 length=  164.7 shots= 4.32 ammo= 0.68 reward_per_bullet=  0.444 sps=    27
wandb: ERROR Dropped streaming file chunk (see wandb/debug-internal.log)
wandb: ERROR Dropped streaming file chunk (see wandb/debug-internal.log)
wandb: ERROR Dropped streaming file chunk (see wandb/debug-internal.log)
wandb: ERROR Dropped streaming file chunk (see wandb/debug-internal.log)
iter=  50 steps=   250000 reward=  1.950 length=  176.3 shots= 4.31 ammo= 0.69 reward_per_bullet=  0.468 sps=    27
checkpoint=/Users/gbrero/active-research/StackelbergPOMDP/Code/StackelbergPOMDP/replication/atari/checkpoints/space_invaders_5bullets_ppo_seed1.pkl
wandb: ERROR Dropped streaming file chunk (see wandb/debug-internal.log)
wandb: ERROR Dropped streaming file chunk (see wandb/debug-internal.log)
wandb: ERROR Dropped streaming file chunk (see wandb/debug-internal.log)
wandb: ERROR Dropped streaming file chunk (see wandb/debug-internal.log)
iter=  51 steps=   255000 reward=  2.060 length=  162.2 shots= 4.21 ammo= 0.79 reward_per_bullet=  0.510 sps=    28
wandb: ERROR Dropped streaming file chunk (see wandb/debug-internal.log)
wandb: ERROR Dropped streaming file chunk (see wandb/debug-internal.log)
wandb: ERROR Dropped streaming file chunk (see wandb/debug-internal.log)
wandb: ERROR Dropped streaming file chunk (see wandb/debug-internal.log)
iter=  52 steps=   260000 reward=  2.050 length=  172.3 shots= 4.30 ammo= 0.70 reward_per_bullet=  0.498 sps=    28
wandb: ERROR Dropped streaming file chunk (see wandb/debug-internal.log)
wandb: ERROR Dropped streaming file chunk (see wandb/debug-internal.log)
wandb: ERROR Dropped streaming file chunk (see wandb/debug-internal.log)
wandb: ERROR Dropped streaming file chunk (see wandb/debug-internal.log)
iter=  53 steps=   265000 reward=  1.990 length=  169.2 shots= 4.39 ammo= 0.61 reward_per_bullet=  0.484 sps=    28
wandb: ERROR Dropped streaming file chunk (see wandb/debug-internal.log)
wandb: ERROR Dropped streaming file chunk (see wandb/debug-internal.log)
wandb: ERROR Dropped streaming file chunk (see wandb/debug-internal.log)
wandb: ERROR Dropped streaming file chunk (see wandb/debug-internal.log)
wandb: ERROR Dropped streaming file chunk (see wandb/debug-internal.log)
iter=  54 steps=   270000 reward=  1.990 length=  170.3 shots= 4.40 ammo= 0.60 reward_per_bullet=  0.474 sps=    28
wandb: ERROR Dropped streaming file chunk (see wandb/debug-internal.log)
wandb: ERROR Dropped streaming file chunk (see wandb/debug-internal.log)
wandb: ERROR Dropped streaming file chunk (see wandb/debug-internal.log)
wandb: ERROR Dropped streaming file chunk (see wandb/debug-internal.log)
iter=  55 steps=   275000 reward=  1.980 length=  167.0 shots= 4.31 ammo= 0.69 reward_per_bullet=  0.488 sps=    28
wandb: ERROR Dropped streaming file chunk (see wandb/debug-internal.log)
wandb: ERROR Dropped streaming file chunk (see wandb/debug-internal.log)
wandb: ERROR Dropped streaming file chunk (see wandb/debug-internal.log)
wandb: ERROR Dropped streaming file chunk (see wandb/debug-internal.log)
wandb: ERROR Dropped streaming file chunk (see wandb/debug-internal.log)
iter=  56 steps=   280000 reward=  1.970 length=  174.6 shots= 4.30 ammo= 0.70 reward_per_bullet=  0.484 sps=    28
wandb: ERROR Dropped streaming file chunk (see wandb/debug-internal.log)
wandb: ERROR Dropped streaming file chunk (see wandb/debug-internal.log)
wandb: ERROR Dropped streaming file chunk (see wandb/debug-internal.log)
wandb: ERROR Dropped streaming file chunk (see wandb/debug-internal.log)
iter=  57 steps=   285000 reward=  1.940 length=  166.4 shots= 4.25 ammo= 0.75 reward_per_bullet=  0.478 sps=    28
wandb: ERROR Dropped streaming file chunk (see wandb/debug-internal.log)
wandb: ERROR Dropped streaming file chunk (see wandb/debug-internal.log)
wandb: ERROR Dropped streaming file chunk (see wandb/debug-internal.log)
wandb: ERROR Dropped streaming file chunk (see wandb/debug-internal.log)
iter=  58 steps=   290000 reward=  2.010 length=  160.2 shots= 4.42 ammo= 0.58 reward_per_bullet=  0.473 sps=    29
wandb: ERROR Dropped streaming file chunk (see wandb/debug-internal.log)
wandb: ERROR Dropped streaming file chunk (see wandb/debug-internal.log)
wandb: ERROR Dropped streaming file chunk (see wandb/debug-internal.log)
wandb: ERROR Dropped streaming file chunk (see wandb/debug-internal.log)
iter=  59 steps=   295000 reward=  2.010 length=  155.3 shots= 4.40 ammo= 0.60 reward_per_bullet=  0.471 sps=    29
wandb: ERROR Dropped streaming file chunk (see wandb/debug-internal.log)
wandb: ERROR Dropped streaming file chunk (see wandb/debug-internal.log)
wandb: ERROR Dropped streaming file chunk (see wandb/debug-internal.log)
wandb: ERROR Dropped streaming file chunk (see wandb/debug-internal.log)
iter=  60 steps=   300000 reward=  1.970 length=  157.5 shots= 4.54 ammo= 0.46 reward_per_bullet=  0.445 sps=    29
wandb: ERROR Dropped streaming file chunk (see wandb/debug-internal.log)
wandb: ERROR Dropped streaming file chunk (see wandb/debug-internal.log)
wandb: ERROR Dropped streaming file chunk (see wandb/debug-internal.log)
wandb: ERROR Dropped streaming file chunk (see wandb/debug-internal.log)
iter=  61 steps=   305000 reward=  1.900 length=  156.6 shots= 4.44 ammo= 0.56 reward_per_bullet=  0.448 sps=    29
wandb: ERROR Dropped streaming file chunk (see wandb/debug-internal.log)
wandb: ERROR Dropped streaming file chunk (see wandb/debug-internal.log)
wandb: ERROR Dropped streaming file chunk (see wandb/debug-internal.log)
wandb: ERROR Dropped streaming file chunk (see wandb/debug-internal.log)
wandb: ERROR Dropped streaming file chunk (see wandb/debug-internal.log)
iter=  62 steps=   310000 reward=  1.830 length=  151.3 shots= 4.39 ammo= 0.61 reward_per_bullet=  0.450 sps=    29
wandb: ERROR Dropped streaming file chunk (see wandb/debug-internal.log)
wandb: ERROR Dropped streaming file chunk (see wandb/debug-internal.log)
wandb: ERROR Dropped streaming file chunk (see wandb/debug-internal.log)
iter=  63 steps=   315000 reward=  1.860 length=  153.0 shots= 4.12 ammo= 0.88 reward_per_bullet=  0.501 sps=    29
wandb: ERROR Dropped streaming file chunk (see wandb/debug-internal.log)
wandb: ERROR Dropped streaming file chunk (see wandb/debug-internal.log)
wandb: ERROR Dropped streaming file chunk (see wandb/debug-internal.log)
iter=  64 steps=   320000 reward=  1.930 length=  162.4 shots= 4.08 ammo= 0.92 reward_per_bullet=  0.520 sps=    29
wandb: ERROR Dropped streaming file chunk (see wandb/debug-internal.log)
wandb: ERROR Dropped streaming file chunk (see wandb/debug-internal.log)
wandb: ERROR Dropped streaming file chunk (see wandb/debug-internal.log)
wandb: ERROR Dropped streaming file chunk (see wandb/debug-internal.log)
wandb: ERROR Dropped streaming file chunk (see wandb/debug-internal.log)
iter=  65 steps=   325000 reward=  2.020 length=  171.1 shots= 4.18 ammo= 0.82 reward_per_bullet=  0.524 sps=    29
wandb: ERROR Dropped streaming file chunk (see wandb/debug-internal.log)
wandb: ERROR Dropped streaming file chunk (see wandb/debug-internal.log)
wandb: ERROR Dropped streaming file chunk (see wandb/debug-internal.log)
wandb: ERROR Dropped streaming file chunk (see wandb/debug-internal.log)
iter=  66 steps=   330000 reward=  1.960 length=  169.1 shots= 4.27 ammo= 0.73 reward_per_bullet=  0.478 sps=    29
wandb: ERROR Dropped streaming file chunk (see wandb/debug-internal.log)
wandb: ERROR Dropped streaming file chunk (see wandb/debug-internal.log)
wandb: ERROR Dropped streaming file chunk (see wandb/debug-internal.log)
wandb: ERROR Dropped streaming file chunk (see wandb/debug-internal.log)
iter=  67 steps=   335000 reward=  1.760 length=  166.0 shots= 4.32 ammo= 0.68 reward_per_bullet=  0.405 sps=    30
wandb: ERROR Dropped streaming file chunk (see wandb/debug-internal.log)
wandb: ERROR Dropped streaming file chunk (see wandb/debug-internal.log)
wandb: ERROR Dropped streaming file chunk (see wandb/debug-internal.log)
wandb: ERROR Dropped streaming file chunk (see wandb/debug-internal.log)
wandb: ERROR Dropped streaming file chunk (see wandb/debug-internal.log)
iter=  68 steps=   340000 reward=  1.690 length=  159.9 shots= 4.27 ammo= 0.73 reward_per_bullet=  0.407 sps=    30
wandb: ERROR Dropped streaming file chunk (see wandb/debug-internal.log)
wandb: ERROR Dropped streaming file chunk (see wandb/debug-internal.log)
wandb: ERROR Dropped streaming file chunk (see wandb/debug-internal.log)
wandb: ERROR Dropped streaming file chunk (see wandb/debug-internal.log)
iter=  69 steps=   345000 reward=  1.700 length=  165.6 shots= 4.32 ammo= 0.68 reward_per_bullet=  0.417 sps=    30
wandb: ERROR Dropped streaming file chunk (see wandb/debug-internal.log)
wandb: ERROR Dropped streaming file chunk (see wandb/debug-internal.log)
wandb: ERROR Dropped streaming file chunk (see wandb/debug-internal.log)
wandb: ERROR Dropped streaming file chunk (see wandb/debug-internal.log)
wandb: ERROR Dropped streaming file chunk (see wandb/debug-internal.log)
iter=  70 steps=   350000 reward=  1.840 length=  172.1 shots= 4.45 ammo= 0.55 reward_per_bullet=  0.451 sps=    30
wandb: ERROR Dropped streaming file chunk (see wandb/debug-internal.log)
wandb: ERROR Dropped streaming file chunk (see wandb/debug-internal.log)
wandb: ERROR Dropped streaming file chunk (see wandb/debug-internal.log)
iter=  71 steps=   355000 reward=  1.970 length=  180.4 shots= 4.49 ammo= 0.51 reward_per_bullet=  0.469 sps=    30
wandb: ERROR Dropped streaming file chunk (see wandb/debug-internal.log)
wandb: ERROR Dropped streaming file chunk (see wandb/debug-internal.log)
wandb: ERROR Dropped streaming file chunk (see wandb/debug-internal.log)
wandb: ERROR Dropped streaming file chunk (see wandb/debug-internal.log)
wandb: ERROR Dropped streaming file chunk (see wandb/debug-internal.log)
iter=  72 steps=   360000 reward=  1.970 length=  178.5 shots= 4.44 ammo= 0.56 reward_per_bullet=  0.466 sps=    30
wandb: ERROR Dropped streaming file chunk (see wandb/debug-internal.log)
wandb: ERROR Dropped streaming file chunk (see wandb/debug-internal.log)
wandb: ERROR Dropped streaming file chunk (see wandb/debug-internal.log)
wandb: ERROR Dropped streaming file chunk (see wandb/debug-internal.log)
iter=  73 steps=   365000 reward=  1.810 length=  160.3 shots= 4.32 ammo= 0.68 reward_per_bullet=  0.435 sps=    30
wandb: ERROR Dropped streaming file chunk (see wandb/debug-internal.log)
wandb: ERROR Dropped streaming file chunk (see wandb/debug-internal.log)
wandb: ERROR Dropped streaming file chunk (see wandb/debug-internal.log)
wandb: ERROR Dropped streaming file chunk (see wandb/debug-internal.log)
iter=  74 steps=   370000 reward=  1.660 length=  152.7 shots= 4.33 ammo= 0.67 reward_per_bullet=  0.411 sps=    30
wandb: ERROR Dropped streaming file chunk (see wandb/debug-internal.log)
wandb: ERROR Dropped streaming file chunk (see wandb/debug-internal.log)
wandb: ERROR Dropped streaming file chunk (see wandb/debug-internal.log)
wandb: ERROR Dropped streaming file chunk (see wandb/debug-internal.log)
wandb: ERROR Dropped streaming file chunk (see wandb/debug-internal.log)
iter=  75 steps=   375000 reward=  1.680 length=  160.0 shots= 4.39 ammo= 0.61 reward_per_bullet=  0.413 sps=    30
checkpoint=/Users/gbrero/active-research/StackelbergPOMDP/Code/StackelbergPOMDP/replication/atari/checkpoints/space_invaders_5bullets_ppo_seed1.pkl
wandb: ERROR Dropped streaming file chunk (see wandb/debug-internal.log)
wandb: ERROR Dropped streaming file chunk (see wandb/debug-internal.log)
wandb: ERROR Dropped streaming file chunk (see wandb/debug-internal.log)
wandb: ERROR Dropped streaming file chunk (see wandb/debug-internal.log)
iter=  76 steps=   380000 reward=  1.860 length=  168.8 shots= 4.41 ammo= 0.59 reward_per_bullet=  0.443 sps=    30
wandb: ERROR Dropped streaming file chunk (see wandb/debug-internal.log)
wandb: ERROR Dropped streaming file chunk (see wandb/debug-internal.log)
wandb: ERROR Dropped streaming file chunk (see wandb/debug-internal.log)
wandb: ERROR Dropped streaming file chunk (see wandb/debug-internal.log)
wandb: ERROR Dropped streaming file chunk (see wandb/debug-internal.log)
iter=  77 steps=   385000 reward=  1.900 length=  174.8 shots= 4.47 ammo= 0.53 reward_per_bullet=  0.431 sps=    30
wandb: ERROR Dropped streaming file chunk (see wandb/debug-internal.log)
wandb: ERROR Dropped streaming file chunk (see wandb/debug-internal.log)
wandb: ERROR Dropped streaming file chunk (see wandb/debug-internal.log)
wandb: ERROR Dropped streaming file chunk (see wandb/debug-internal.log)
iter=  78 steps=   390000 reward=  1.950 length=  177.7 shots= 4.39 ammo= 0.61 reward_per_bullet=  0.449 sps=    30
wandb: ERROR Dropped streaming file chunk (see wandb/debug-internal.log)
wandb: ERROR Dropped streaming file chunk (see wandb/debug-internal.log)
wandb: ERROR Dropped streaming file chunk (see wandb/debug-internal.log)
wandb: ERROR Dropped streaming file chunk (see wandb/debug-internal.log)
wandb: ERROR Dropped streaming file chunk (see wandb/debug-internal.log)
iter=  79 steps=   395000 reward=  2.040 length=  186.3 shots= 4.32 ammo= 0.68 reward_per_bullet=  0.472 sps=    31
wandb: ERROR Dropped streaming file chunk (see wandb/debug-internal.log)
wandb: ERROR Dropped streaming file chunk (see wandb/debug-internal.log)
wandb: ERROR Dropped streaming file chunk (see wandb/debug-internal.log)
wandb: ERROR Dropped streaming file chunk (see wandb/debug-internal.log)
wandb: ERROR Dropped streaming file chunk (see wandb/debug-internal.log)
iter=  80 steps=   400000 reward=  1.890 length=  171.0 shots= 4.31 ammo= 0.69 reward_per_bullet=  0.442 sps=    31
wandb: ERROR Dropped streaming file chunk (see wandb/debug-internal.log)
wandb: ERROR Dropped streaming file chunk (see wandb/debug-internal.log)
wandb: ERROR Dropped streaming file chunk (see wandb/debug-internal.log)
wandb: ERROR Dropped streaming file chunk (see wandb/debug-internal.log)
iter=  81 steps=   405000 reward=  1.890 length=  162.6 shots= 4.32 ammo= 0.68 reward_per_bullet=  0.432 sps=    31
wandb: ERROR Dropped streaming file chunk (see wandb/debug-internal.log)
wandb: ERROR Dropped streaming file chunk (see wandb/debug-internal.log)
wandb: ERROR Dropped streaming file chunk (see wandb/debug-internal.log)
wandb: ERROR Dropped streaming file chunk (see wandb/debug-internal.log)
wandb: ERROR Dropped streaming file chunk (see wandb/debug-internal.log)
iter=  82 steps=   410000 reward=  1.870 length=  166.2 shots= 4.47 ammo= 0.53 reward_per_bullet=  0.413 sps=    31
wandb: ERROR Dropped streaming file chunk (see wandb/debug-internal.log)
wandb: ERROR Dropped streaming file chunk (see wandb/debug-internal.log)
wandb: ERROR Dropped streaming file chunk (see wandb/debug-internal.log)
wandb: ERROR Dropped streaming file chunk (see wandb/debug-internal.log)
wandb: ERROR Dropped streaming file chunk (see wandb/debug-internal.log)
iter=  83 steps=   415000 reward=  1.770 length=  160.0 shots= 4.45 ammo= 0.55 reward_per_bullet=  0.414 sps=    31
wandb: ERROR Dropped streaming file chunk (see wandb/debug-internal.log)
wandb: ERROR Dropped streaming file chunk (see wandb/debug-internal.log)
wandb: ERROR Dropped streaming file chunk (see wandb/debug-internal.log)
wandb: ERROR Dropped streaming file chunk (see wandb/debug-internal.log)
iter=  84 steps=   420000 reward=  1.790 length=  165.6 shots= 4.55 ammo= 0.45 reward_per_bullet=  0.418 sps=    31
wandb: ERROR Dropped streaming file chunk (see wandb/debug-internal.log)
wandb: ERROR Dropped streaming file chunk (see wandb/debug-internal.log)
wandb: ERROR Dropped streaming file chunk (see wandb/debug-internal.log)
wandb: ERROR Dropped streaming file chunk (see wandb/debug-internal.log)
wandb: ERROR Dropped streaming file chunk (see wandb/debug-internal.log)
iter=  85 steps=   425000 reward=  1.710 length=  154.9 shots= 4.48 ammo= 0.52 reward_per_bullet=  0.414 sps=    31
wandb: ERROR Dropped streaming file chunk (see wandb/debug-internal.log)
wandb: ERROR Dropped streaming file chunk (see wandb/debug-internal.log)
wandb: ERROR Dropped streaming file chunk (see wandb/debug-internal.log)
wandb: ERROR Dropped streaming file chunk (see wandb/debug-internal.log)
wandb: ERROR Dropped streaming file chunk (see wandb/debug-internal.log)
iter=  86 steps=   430000 reward=  1.740 length=  168.3 shots= 4.48 ammo= 0.52 reward_per_bullet=  0.400 sps=    31
wandb: ERROR Dropped streaming file chunk (see wandb/debug-internal.log)
wandb: ERROR Dropped streaming file chunk (see wandb/debug-internal.log)
wandb: ERROR Dropped streaming file chunk (see wandb/debug-internal.log)
wandb: ERROR Dropped streaming file chunk (see wandb/debug-internal.log)
wandb: ERROR Dropped streaming file chunk (see wandb/debug-internal.log)
iter=  87 steps=   435000 reward=  1.710 length=  173.9 shots= 4.48 ammo= 0.52 reward_per_bullet=  0.389 sps=    31
wandb: ERROR Dropped streaming file chunk (see wandb/debug-internal.log)
wandb: ERROR Dropped streaming file chunk (see wandb/debug-internal.log)
wandb: ERROR Dropped streaming file chunk (see wandb/debug-internal.log)
wandb: ERROR Dropped streaming file chunk (see wandb/debug-internal.log)
wandb: ERROR Dropped streaming file chunk (see wandb/debug-internal.log)
iter=  88 steps=   440000 reward=  1.740 length=  165.4 shots= 4.47 ammo= 0.53 reward_per_bullet=  0.394 sps=    31
wandb: ERROR Dropped streaming file chunk (see wandb/debug-internal.log)
wandb: ERROR Dropped streaming file chunk (see wandb/debug-internal.log)
wandb: ERROR Dropped streaming file chunk (see wandb/debug-internal.log)
wandb: ERROR Dropped streaming file chunk (see wandb/debug-internal.log)
wandb: ERROR Dropped streaming file chunk (see wandb/debug-internal.log)
iter=  89 steps=   445000 reward=  1.780 length=  157.0 shots= 4.50 ammo= 0.50 reward_per_bullet=  0.397 sps=    31
wandb: ERROR Dropped streaming file chunk (see wandb/debug-internal.log)
wandb: ERROR Dropped streaming file chunk (see wandb/debug-internal.log)
wandb: ERROR Dropped streaming file chunk (see wandb/debug-internal.log)
wandb: ERROR Dropped streaming file chunk (see wandb/debug-internal.log)
iter=  90 steps=   450000 reward=  1.870 length=  154.9 shots= 4.32 ammo= 0.68 reward_per_bullet=  0.441 sps=    31
wandb: ERROR Dropped streaming file chunk (see wandb/debug-internal.log)
wandb: ERROR Dropped streaming file chunk (see wandb/debug-internal.log)
wandb: ERROR Dropped streaming file chunk (see wandb/debug-internal.log)
wandb: ERROR Dropped streaming file chunk (see wandb/debug-internal.log)
iter=  91 steps=   455000 reward=  1.870 length=  158.7 shots= 4.35 ammo= 0.65 reward_per_bullet=  0.446 sps=    31
wandb: ERROR Dropped streaming file chunk (see wandb/debug-internal.log)
wandb: ERROR Dropped streaming file chunk (see wandb/debug-internal.log)
wandb: ERROR Dropped streaming file chunk (see wandb/debug-internal.log)
wandb: ERROR Dropped streaming file chunk (see wandb/debug-internal.log)
wandb: ERROR Dropped streaming file chunk (see wandb/debug-internal.log)
iter=  92 steps=   460000 reward=  1.840 length=  170.3 shots= 4.36 ammo= 0.64 reward_per_bullet=  0.447 sps=    31
wandb: ERROR Dropped streaming file chunk (see wandb/debug-internal.log)
wandb: ERROR Dropped streaming file chunk (see wandb/debug-internal.log)
wandb: ERROR Dropped streaming file chunk (see wandb/debug-internal.log)
wandb: ERROR Dropped streaming file chunk (see wandb/debug-internal.log)
iter=  93 steps=   465000 reward=  1.750 length=  164.0 shots= 4.32 ammo= 0.68 reward_per_bullet=  0.431 sps=    31
wandb: ERROR Dropped streaming file chunk (see wandb/debug-internal.log)
wandb: ERROR Dropped streaming file chunk (see wandb/debug-internal.log)
wandb: ERROR Dropped streaming file chunk (see wandb/debug-internal.log)
wandb: ERROR Dropped streaming file chunk (see wandb/debug-internal.log)
wandb: ERROR Dropped streaming file chunk (see wandb/debug-internal.log)
iter=  94 steps=   470000 reward=  1.660 length=  177.1 shots= 4.45 ammo= 0.55 reward_per_bullet=  0.395 sps=    31
wandb: ERROR Dropped streaming file chunk (see wandb/debug-internal.log)
wandb: ERROR Dropped streaming file chunk (see wandb/debug-internal.log)
wandb: ERROR Dropped streaming file chunk (see wandb/debug-internal.log)
wandb: ERROR Dropped streaming file chunk (see wandb/debug-internal.log)
iter=  95 steps=   475000 reward=  1.760 length=  166.1 shots= 4.41 ammo= 0.59 reward_per_bullet=  0.416 sps=    31
wandb: ERROR Dropped streaming file chunk (see wandb/debug-internal.log)
wandb: ERROR Dropped streaming file chunk (see wandb/debug-internal.log)
wandb: ERROR Dropped streaming file chunk (see wandb/debug-internal.log)
iter=  96 steps=   480000 reward=  1.750 length=  170.1 shots= 4.43 ammo= 0.57 reward_per_bullet=  0.415 sps=    31
wandb: ERROR Dropped streaming file chunk (see wandb/debug-internal.log)
wandb: ERROR Dropped streaming file chunk (see wandb/debug-internal.log)
wandb: ERROR Dropped streaming file chunk (see wandb/debug-internal.log)
wandb: ERROR Dropped streaming file chunk (see wandb/debug-internal.log)
wandb: ERROR Dropped streaming file chunk (see wandb/debug-internal.log)
iter=  97 steps=   485000 reward=  1.790 length=  163.8 shots= 4.31 ammo= 0.69 reward_per_bullet=  0.431 sps=    31
wandb: ERROR Dropped streaming file chunk (see wandb/debug-internal.log)
wandb: ERROR Dropped streaming file chunk (see wandb/debug-internal.log)
wandb: ERROR Dropped streaming file chunk (see wandb/debug-internal.log)
wandb: ERROR Dropped streaming file chunk (see wandb/debug-internal.log)
iter=  98 steps=   490000 reward=  1.730 length=  167.1 shots= 4.25 ammo= 0.75 reward_per_bullet=  0.431 sps=    32
wandb: ERROR Dropped streaming file chunk (see wandb/debug-internal.log)
