I0713 16:42:52.670155 7012168 ev_poll_posix.cc:593] FD from fork parent still in poll list: fd(11, generation: 1)
I0713 16:42:52.696336 7012209 ev_poll_posix.cc:593] FD from fork parent still in poll list: fd(11, generation: 1)
I0713 16:42:52.717661 7012258 ev_poll_posix.cc:593] FD from fork parent still in poll list: fd(11, generation: 1)
2026-07-13 16:42:52,830	INFO worker.py:1518 -- Started a local Ray instance.
I0713 16:42:53.850899 7012050 fork_posix.cc:71] Other threads are currently calling into gRPC, skipping fork() handlers
I0713 16:42:53.868525 7013145 ev_poll_posix.cc:593] FD from fork parent still in poll list: fd(11, generation: 1)
2026-07-13 16:42:53,874	INFO algorithm.py:355 -- Current log_level is WARN. For more information, set 'log_level': 'INFO' / 'DEBUG' or use the -v and -vv flags.
[2m[36m(RolloutWorker pid=61077)[0m 2026-07-13 16:42:57,037	WARNING env.py:142 -- Your env doesn't have a .spec.max_episode_steps attribute. This is fine if you have set 'horizon' in your config dictionary, or `soft_horizon`. However, if you haven't, 'horizon' will default to infinity, and your environment will not be reset.
[2m[36m(RolloutWorker pid=61077)[0m [W NNPACK.cpp:64] Could not initialize NNPACK! Reason: Unsupported hardware.
[2m[36m(RolloutWorker pid=61079)[0m [W NNPACK.cpp:64] Could not initialize NNPACK! Reason: Unsupported hardware.
[2m[36m(RolloutWorker pid=61078)[0m [W NNPACK.cpp:64] Could not initialize NNPACK! Reason: Unsupported hardware.
[2m[36m(RolloutWorker pid=61080)[0m [W NNPACK.cpp:64] Could not initialize NNPACK! Reason: Unsupported hardware.
[W NNPACK.cpp:64] Could not initialize NNPACK! Reason: Unsupported hardware.
2026-07-13 16:42:57,354	WARNING util.py:66 -- Install gputil for GPU system monitoring.
I0713 16:42:57.412270 7012050 fork_posix.cc:71] Other threads are currently calling into gRPC, skipping fork() handlers
I0713 16:42:57.481667 7012050 fork_posix.cc:71] Other threads are currently calling into gRPC, skipping fork() handlers
I0713 16:42:57.815701 7012050 fork_posix.cc:71] Other threads are currently calling into gRPC, skipping fork() handlers
I0713 16:42:57.877769 7012050 fork_posix.cc:71] Other threads are currently calling into gRPC, skipping fork() handlers
I0713 16:42:57.914094 7012050 fork_posix.cc:71] Other threads are currently calling into gRPC, skipping fork() handlers
I0713 16:42:57.932905 7013656 ev_poll_posix.cc:593] FD from fork parent still in poll list: fd(11, generation: 1)
I0713 16:42:57.933042 7013656 ev_poll_posix.cc:593] FD from fork parent still in poll list: fd(11, generation: 1)
I0713 16:42:57.933049 7013656 ev_poll_posix.cc:593] FD from fork parent still in poll list: fd(11, generation: 1)
I0713 16:42:57.933054 7013656 ev_poll_posix.cc:593] FD from fork parent still in poll list: fd(11, generation: 1)
I0713 16:42:57.933059 7013656 ev_poll_posix.cc:593] FD from fork parent still in poll list: fd(11, generation: 1)
I0713 16:42:57.933063 7013656 ev_poll_posix.cc:593] FD from fork parent still in poll list: fd(11, generation: 1)
I0713 16:42:57.933067 7013656 ev_poll_posix.cc:593] FD from fork parent still in poll list: fd(11, generation: 1)
I0713 16:42:57.933071 7013656 ev_poll_posix.cc:593] FD from fork parent still in poll list: fd(11, generation: 1)
I0713 16:42:57.933078 7013656 ev_poll_posix.cc:593] FD from fork parent still in poll list: fd(11, generation: 1)
I0713 16:42:57.933083 7013656 ev_poll_posix.cc:593] FD from fork parent still in poll list: fd(11, generation: 1)
I0713 16:42:57.933087 7013656 ev_poll_posix.cc:593] FD from fork parent still in poll list: fd(11, generation: 1)
I0713 16:42:57.933092 7013656 ev_poll_posix.cc:593] FD from fork parent still in poll list: fd(11, generation: 1)
I0713 16:42:57.933096 7013656 ev_poll_posix.cc:593] FD from fork parent still in poll list: fd(11, generation: 1)
I0713 16:42:57.933099 7013656 ev_poll_posix.cc:593] FD from fork parent still in poll list: fd(11, generation: 1)
I0713 16:42:57.933104 7013656 ev_poll_posix.cc:593] FD from fork parent still in poll list: fd(11, generation: 1)
I0713 16:42:57.933107 7013656 ev_poll_posix.cc:593] FD from fork parent still in poll list: fd(11, generation: 1)
I0713 16:42:57.933124 7013656 ev_poll_posix.cc:593] FD from fork parent still in poll list: fd(11, generation: 1)
I0713 16:42:57.933128 7013656 ev_poll_posix.cc:593] FD from fork parent still in poll list: fd(11, generation: 1)
I0713 16:42:57.933132 7013656 ev_poll_posix.cc:593] FD from fork parent still in poll list: fd(11, generation: 1)
I0713 16:42:57.933135 7013656 ev_poll_posix.cc:593] FD from fork parent still in poll list: fd(11, generation: 1)
I0713 16:42:57.933138 7013656 ev_poll_posix.cc:593] FD from fork parent still in poll list: fd(11, generation: 1)
I0713 16:42:57.933142 7013656 ev_poll_posix.cc:593] FD from fork parent still in poll list: fd(11, generation: 1)
I0713 16:42:57.933146 7013656 ev_poll_posix.cc:593] FD from fork parent still in poll list: fd(11, generation: 1)
I0713 16:42:57.933150 7013656 ev_poll_posix.cc:593] FD from fork parent still in poll list: fd(11, generation: 1)
I0713 16:42:57.933153 7013656 ev_poll_posix.cc:593] FD from fork parent still in poll list: fd(11, generation: 1)
I0713 16:42:57.933157 7013656 ev_poll_posix.cc:593] FD from fork parent still in poll list: fd(11, generation: 1)
I0713 16:42:57.933160 7013656 ev_poll_posix.cc:593] FD from fork parent still in poll list: fd(11, generation: 1)
I0713 16:42:57.933164 7013656 ev_poll_posix.cc:593] FD from fork parent still in poll list: fd(11, generation: 1)
I0713 16:42:57.933168 7013656 ev_poll_posix.cc:593] FD from fork parent still in poll list: fd(11, generation: 1)
I0713 16:42:57.933171 7013656 ev_poll_posix.cc:593] FD from fork parent still in poll list: fd(11, generation: 1)
I0713 16:42:57.933175 7013656 ev_poll_posix.cc:593] FD from fork parent still in poll list: fd(11, generation: 1)
I0713 16:42:57.933179 7013656 ev_poll_posix.cc:593] FD from fork parent still in poll list: fd(11, generation: 1)
I0713 16:42:57.933183 7013656 ev_poll_posix.cc:593] FD from fork parent still in poll list: fd(11, generation: 1)
I0713 16:42:57.933186 7013656 ev_poll_posix.cc:593] FD from fork parent still in poll list: fd(11, generation: 1)
I0713 16:42:57.933190 7013656 ev_poll_posix.cc:593] FD from fork parent still in poll list: fd(11, generation: 1)
I0713 16:42:57.933194 7013656 ev_poll_posix.cc:593] FD from fork parent still in poll list: fd(11, generation: 1)
I0713 16:42:57.933198 7013656 ev_poll_posix.cc:593] FD from fork parent still in poll list: fd(11, generation: 1)
I0713 16:42:57.933201 7013656 ev_poll_posix.cc:593] FD from fork parent still in poll list: fd(11, generation: 1)
I0713 16:42:57.933205 7013656 ev_poll_posix.cc:593] FD from fork parent still in poll list: fd(11, generation: 1)
I0713 16:42:57.933208 7013656 ev_poll_posix.cc:593] FD from fork parent still in poll list: fd(11, generation: 1)
I0713 16:42:57.933211 7013656 ev_poll_posix.cc:593] FD from fork parent still in poll list: fd(11, generation: 1)
I0713 16:42:57.933215 7013656 ev_poll_posix.cc:593] FD from fork parent still in poll list: fd(11, generation: 1)
I0713 16:42:57.933218 7013656 ev_poll_posix.cc:593] FD from fork parent still in poll list: fd(11, generation: 1)
I0713 16:42:57.933222 7013656 ev_poll_posix.cc:593] FD from fork parent still in poll list: fd(11, generation: 1)
I0713 16:42:57.933226 7013656 ev_poll_posix.cc:593] FD from fork parent still in poll list: fd(11, generation: 1)
I0713 16:42:57.933229 7013656 ev_poll_posix.cc:593] FD from fork parent still in poll list: fd(11, generation: 1)
I0713 16:42:57.933233 7013656 ev_poll_posix.cc:593] FD from fork parent still in poll list: fd(11, generation: 1)
I0713 16:42:57.933237 7013656 ev_poll_posix.cc:593] FD from fork parent still in poll list: fd(11, generation: 1)
I0713 16:42:57.933240 7013656 ev_poll_posix.cc:593] FD from fork parent still in poll list: fd(11, generation: 1)
I0713 16:42:57.933244 7013656 ev_poll_posix.cc:593] FD from fork parent still in poll list: fd(11, generation: 1)
I0713 16:42:57.933247 7013656 ev_poll_posix.cc:593] FD from fork parent still in poll list: fd(11, generation: 1)
I0713 16:42:57.933250 7013656 ev_poll_posix.cc:593] FD from fork parent still in poll list: fd(11, generation: 1)
I0713 16:42:57.945408 7012050 fork_posix.cc:71] Other threads are currently calling into gRPC, skipping fork() handlers
I0713 16:42:58.010746 7012050 fork_posix.cc:71] Other threads are currently calling into gRPC, skipping fork() handlers
I0713 16:42:58.029477 7013764 ev_poll_posix.cc:593] FD from fork parent still in poll list: fd(11, generation: 1)
wandb: Currently logged in as: glcbrero. Use `wandb login --relogin` to force relogin
I0713 16:42:58.879563 7012050 fork_posix.cc:71] Other threads are currently calling into gRPC, skipping fork() handlers
I0713 16:42:58.900021 7013948 ev_poll_posix.cc:593] FD from fork parent still in poll list: fd(11, generation: 1)
wandb: wandb version 0.28.0 is available!  To upgrade, please run:
wandb:  $ pip install wandb --upgrade
wandb: Tracking run with wandb version 0.14.2
wandb: Run data is saved locally in /Users/gbrero/active-research/StackelbergPOMDP/Code/StackelbergPOMDP/wandb/run-20260713_164258-2yl05rix
wandb: Run `wandb offline` to turn off syncing.
wandb: Syncing run five_bullet_a3c_lr1e-4_seed1_10m
wandb: ⭐️ View project at https://wandb.ai/glcbrero/StackPOMDP
wandb: 🚀 View run at https://wandb.ai/glcbrero/StackPOMDP/runs/2yl05rix
iter=   1 steps=     5000 reward=  1.481 length=  168.2 shots= 4.56 ammo= 0.44 reward_per_bullet=  0.363 sps=   651
iter=   2 steps=    10000 reward=  1.379 length=  171.4 shots= 4.52 ammo= 0.48 reward_per_bullet=  0.325 sps=   637
iter=   3 steps=    15020 reward=  1.451 length=  162.4 shots= 4.52 ammo= 0.48 reward_per_bullet=  0.339 sps=   633
iter=   4 steps=    20020 reward=  1.550 length=  164.3 shots= 4.52 ammo= 0.48 reward_per_bullet=  0.364 sps=   633
iter=   5 steps=    25040 reward=  1.600 length=  165.7 shots= 4.50 ammo= 0.50 reward_per_bullet=  0.379 sps=   634
iter=   6 steps=    30040 reward=  1.540 length=  166.1 shots= 4.43 ammo= 0.57 reward_per_bullet=  0.381 sps=   635
iter=   7 steps=    35040 reward=  1.480 length=  163.9 shots= 4.37 ammo= 0.63 reward_per_bullet=  0.371 sps=   635
iter=   8 steps=    40040 reward=  1.530 length=  166.1 shots= 4.24 ammo= 0.76 reward_per_bullet=  0.403 sps=   637
iter=   9 steps=    45060 reward=  1.530 length=  165.3 shots= 4.26 ammo= 0.74 reward_per_bullet=  0.407 sps=   637
iter=  10 steps=    50080 reward=  1.520 length=  176.9 shots= 4.30 ammo= 0.70 reward_per_bullet=  0.392 sps=   638
iter=  11 steps=    55080 reward=  1.450 length=  178.5 shots= 4.28 ammo= 0.72 reward_per_bullet=  0.378 sps=   638
iter=  12 steps=    60080 reward=  1.440 length=  181.9 shots= 4.45 ammo= 0.55 reward_per_bullet=  0.351 sps=   635
iter=  13 steps=    65080 reward=  1.410 length=  171.4 shots= 4.40 ammo= 0.60 reward_per_bullet=  0.351 sps=   635
iter=  14 steps=    70120 reward=  1.430 length=  167.7 shots= 4.41 ammo= 0.59 reward_per_bullet=  0.343 sps=   635
iter=  15 steps=    75140 reward=  1.430 length=  165.9 shots= 4.40 ammo= 0.60 reward_per_bullet=  0.334 sps=   635
iter=  16 steps=    80140 reward=  1.480 length=  170.5 shots= 4.36 ammo= 0.64 reward_per_bullet=  0.356 sps=   635
iter=  17 steps=    85140 reward=  1.430 length=  168.7 shots= 4.32 ammo= 0.68 reward_per_bullet=  0.363 sps=   634
iter=  18 steps=    90140 reward=  1.340 length=  167.5 shots= 4.31 ammo= 0.69 reward_per_bullet=  0.341 sps=   635
iter=  19 steps=    95140 reward=  1.330 length=  166.3 shots= 4.38 ammo= 0.62 reward_per_bullet=  0.330 sps=   632
iter=  20 steps=   100140 reward=  1.260 length=  175.0 shots= 4.38 ammo= 0.62 reward_per_bullet=  0.300 sps=   631
iter=  21 steps=   105140 reward=  1.240 length=  175.3 shots= 4.41 ammo= 0.59 reward_per_bullet=  0.286 sps=   630
iter=  22 steps=   110140 reward=  1.260 length=  167.9 shots= 4.28 ammo= 0.72 reward_per_bullet=  0.314 sps=   630
iter=  23 steps=   115180 reward=  1.300 length=  159.3 shots= 4.24 ammo= 0.76 reward_per_bullet=  0.327 sps=   629
[2m[36m(RolloutWorker pid=61080)[0m I0713 16:46:07.234986 7013251 chttp2_transport.cc:1369] ipv4:127.0.0.1:65334: Got goaway [11] err=UNAVAILABLE:GOAWAY received; Error code: 11; Debug Text: too_many_pings {http2_error:11, grpc_status:14}
[2m[36m(RolloutWorker pid=61080)[0m E0713 16:46:07.235161 7013251 chttp2_transport.cc:1401] ipv4:127.0.0.1:65334: Received a GOAWAY with error code ENHANCE_YOUR_CALM and debug data equal to "too_many_pings". Current keepalive time (before throttling): 60000ms
[2m[36m(RolloutWorker pid=61078)[0m I0713 16:46:07.243240 7013257 chttp2_transport.cc:1369] ipv4:127.0.0.1:65334: Got goaway [11] err=UNAVAILABLE:GOAWAY received; Error code: 11; Debug Text: too_many_pings {grpc_status:14, http2_error:11}
[2m[36m(RolloutWorker pid=61078)[0m E0713 16:46:07.243371 7013257 chttp2_transport.cc:1401] ipv4:127.0.0.1:65334: Received a GOAWAY with error code ENHANCE_YOUR_CALM and debug data equal to "too_many_pings". Current keepalive time (before throttling): 60000ms
[2m[36m(RolloutWorker pid=61077)[0m I0713 16:46:07.401136 7013227 chttp2_transport.cc:1369] ipv4:127.0.0.1:65334: Got goaway [11] err=UNAVAILABLE:GOAWAY received; Error code: 11; Debug Text: too_many_pings {http2_error:11, grpc_status:14}
[2m[36m(RolloutWorker pid=61077)[0m E0713 16:46:07.401290 7013227 chttp2_transport.cc:1401] ipv4:127.0.0.1:65334: Received a GOAWAY with error code ENHANCE_YOUR_CALM and debug data equal to "too_many_pings". Current keepalive time (before throttling): 60000ms
[2m[36m(RolloutWorker pid=61079)[0m I0713 16:46:07.364425 7013276 chttp2_transport.cc:1369] ipv4:127.0.0.1:65334: Got goaway [11] err=UNAVAILABLE:GOAWAY received; Error code: 11; Debug Text: too_many_pings {http2_error:11, grpc_status:14}
[2m[36m(RolloutWorker pid=61079)[0m E0713 16:46:07.364565 7013276 chttp2_transport.cc:1401] ipv4:127.0.0.1:65334: Received a GOAWAY with error code ENHANCE_YOUR_CALM and debug data equal to "too_many_pings". Current keepalive time (before throttling): 60000ms
iter=  24 steps=   120220 reward=  1.250 length=  147.7 shots= 4.18 ammo= 0.82 reward_per_bullet=  0.329 sps=   629
iter=  25 steps=   125240 reward=  1.360 length=  154.9 shots= 4.33 ammo= 0.67 reward_per_bullet=  0.347 sps=   628
checkpoint=/Users/gbrero/active-research/StackelbergPOMDP/Code/StackelbergPOMDP/replication/atari/checkpoints/space_invaders_5bullets_a3c_seed1.pkl
iter=  26 steps=   130240 reward=  1.360 length=  159.0 shots= 4.23 ammo= 0.77 reward_per_bullet=  0.344 sps=   629
iter=  27 steps=   135280 reward=  1.480 length=  154.6 shots= 4.27 ammo= 0.73 reward_per_bullet=  0.388 sps=   629
iter=  28 steps=   140300 reward=  1.320 length=  157.1 shots= 4.23 ammo= 0.77 reward_per_bullet=  0.343 sps=   629
iter=  29 steps=   145300 reward=  1.350 length=  149.3 shots= 4.27 ammo= 0.73 reward_per_bullet=  0.361 sps=   629
iter=  30 steps=   150300 reward=  1.370 length=  157.6 shots= 4.26 ammo= 0.74 reward_per_bullet=  0.363 sps=   628
iter=  31 steps=   155300 reward=  1.450 length=  166.2 shots= 4.35 ammo= 0.65 reward_per_bullet=  0.374 sps=   629
[2m[36m(pid=61069)[0m I0713 16:47:13.904942 7012768 chttp2_transport.cc:1369] ipv4:127.0.0.1:65334: Got goaway [11] err=UNAVAILABLE:GOAWAY received; Error code: 11; Debug Text: too_many_pings {grpc_status:14, http2_error:11}
[2m[36m(pid=61069)[0m E0713 16:47:13.905120 7012768 chttp2_transport.cc:1401] ipv4:127.0.0.1:65334: Received a GOAWAY with error code ENHANCE_YOUR_CALM and debug data equal to "too_many_pings". Current keepalive time (before throttling): 60000ms
[2m[36m(pid=61074)[0m I0713 16:47:13.909960 7012894 chttp2_transport.cc:1369] ipv4:127.0.0.1:65334: Got goaway [11] err=UNAVAILABLE:GOAWAY received; Error code: 11; Debug Text: too_many_pings {http2_error:11, grpc_status:14}
[2m[36m(pid=61074)[0m E0713 16:47:13.910121 7012894 chttp2_transport.cc:1401] ipv4:127.0.0.1:65334: Received a GOAWAY with error code ENHANCE_YOUR_CALM and debug data equal to "too_many_pings". Current keepalive time (before throttling): 60000ms
[2m[36m(pid=61065)[0m I0713 16:47:13.913407 7012833 chttp2_transport.cc:1369] ipv4:127.0.0.1:65334: Got goaway [11] err=UNAVAILABLE:GOAWAY received; Error code: 11; Debug Text: too_many_pings {grpc_status:14, http2_error:11}
[2m[36m(pid=61065)[0m E0713 16:47:13.913547 7012833 chttp2_transport.cc:1401] ipv4:127.0.0.1:65334: Received a GOAWAY with error code ENHANCE_YOUR_CALM and debug data equal to "too_many_pings". Current keepalive time (before throttling): 60000ms
[2m[36m(pid=61072)[0m I0713 16:47:13.927553 7013020 chttp2_transport.cc:1369] ipv4:127.0.0.1:65334: Got goaway [11] err=UNAVAILABLE:GOAWAY received; Error code: 11; Debug Text: too_many_pings {grpc_status:14, http2_error:11}
[2m[36m(pid=61072)[0m E0713 16:47:13.927710 7013020 chttp2_transport.cc:1401] ipv4:127.0.0.1:65334: Received a GOAWAY with error code ENHANCE_YOUR_CALM and debug data equal to "too_many_pings". Current keepalive time (before throttling): 60000ms
[2m[36m(pid=61071)[0m I0713 16:47:13.896798 7012687 chttp2_transport.cc:1369] ipv4:127.0.0.1:65334: Got goaway [11] err=UNAVAILABLE:GOAWAY received; Error code: 11; Debug Text: too_many_pings {grpc_status:14, http2_error:11}
[2m[36m(pid=61071)[0m E0713 16:47:13.897042 7012687 chttp2_transport.cc:1401] ipv4:127.0.0.1:65334: Received a GOAWAY with error code ENHANCE_YOUR_CALM and debug data equal to "too_many_pings". Current keepalive time (before throttling): 60000ms
[2m[36m(pid=61075)[0m I0713 16:47:13.899171 7012745 chttp2_transport.cc:1369] ipv4:127.0.0.1:65334: Got goaway [11] err=UNAVAILABLE:GOAWAY received; Error code: 11; Debug Text: too_many_pings {http2_error:11, grpc_status:14}
[2m[36m(pid=61075)[0m E0713 16:47:13.899308 7012745 chttp2_transport.cc:1401] ipv4:127.0.0.1:65334: Received a GOAWAY with error code ENHANCE_YOUR_CALM and debug data equal to "too_many_pings". Current keepalive time (before throttling): 60000ms
[2m[36m(pid=61066)[0m I0713 16:47:13.911959 7012881 chttp2_transport.cc:1369] ipv4:127.0.0.1:65334: Got goaway [11] err=UNAVAILABLE:GOAWAY received; Error code: 11; Debug Text: too_many_pings {grpc_status:14, http2_error:11}
[2m[36m(pid=61066)[0m E0713 16:47:13.912106 7012881 chttp2_transport.cc:1401] ipv4:127.0.0.1:65334: Received a GOAWAY with error code ENHANCE_YOUR_CALM and debug data equal to "too_many_pings". Current keepalive time (before throttling): 60000ms
[2m[36m(pid=61067)[0m I0713 16:47:13.881616 7012625 chttp2_transport.cc:1369] ipv4:127.0.0.1:65334: Got goaway [11] err=UNAVAILABLE:GOAWAY received; Error code: 11; Debug Text: too_many_pings {grpc_status:14, http2_error:11}
[2m[36m(pid=61067)[0m E0713 16:47:13.881759 7012625 chttp2_transport.cc:1401] ipv4:127.0.0.1:65334: Received a GOAWAY with error code ENHANCE_YOUR_CALM and debug data equal to "too_many_pings". Current keepalive time (before throttling): 60000ms
[2m[36m(pid=61064)[0m I0713 16:47:13.898506 7012722 chttp2_transport.cc:1369] ipv4:127.0.0.1:65334: Got goaway [11] err=UNAVAILABLE:GOAWAY received; Error code: 11; Debug Text: too_many_pings {grpc_status:14, http2_error:11}
[2m[36m(pid=61064)[0m E0713 16:47:13.898660 7012722 chttp2_transport.cc:1401] ipv4:127.0.0.1:65334: Received a GOAWAY with error code ENHANCE_YOUR_CALM and debug data equal to "too_many_pings". Current keepalive time (before throttling): 60000ms
[2m[36m(pid=61070)[0m I0713 16:47:13.915499 7012844 chttp2_transport.cc:1369] ipv4:127.0.0.1:65334: Got goaway [11] err=UNAVAILABLE:GOAWAY received; Error code: 11; Debug Text: too_many_pings {grpc_status:14, http2_error:11}
[2m[36m(pid=61070)[0m E0713 16:47:13.915651 7012844 chttp2_transport.cc:1401] ipv4:127.0.0.1:65334: Received a GOAWAY with error code ENHANCE_YOUR_CALM and debug data equal to "too_many_pings". Current keepalive time (before throttling): 60000ms
[2m[36m(pid=61068)[0m I0713 16:47:13.880412 7012647 chttp2_transport.cc:1369] ipv4:127.0.0.1:65334: Got goaway [11] err=UNAVAILABLE:GOAWAY received; Error code: 11; Debug Text: too_many_pings {grpc_status:14, http2_error:11}
[2m[36m(pid=61068)[0m E0713 16:47:13.880661 7012647 chttp2_transport.cc:1401] ipv4:127.0.0.1:65334: Received a GOAWAY with error code ENHANCE_YOUR_CALM and debug data equal to "too_many_pings". Current keepalive time (before throttling): 60000ms
[2m[36m(pid=61073)[0m I0713 16:47:13.896263 7012663 chttp2_transport.cc:1369] ipv4:127.0.0.1:65334: Got goaway [11] err=UNAVAILABLE:GOAWAY received; Error code: 11; Debug Text: too_many_pings {grpc_status:14, http2_error:11}
[2m[36m(pid=61073)[0m E0713 16:47:13.896454 7012663 chttp2_transport.cc:1401] ipv4:127.0.0.1:65334: Received a GOAWAY with error code ENHANCE_YOUR_CALM and debug data equal to "too_many_pings". Current keepalive time (before throttling): 60000ms
iter=  32 steps=   160300 reward=  1.410 length=  162.2 shots= 4.17 ammo= 0.83 reward_per_bullet=  0.390 sps=   628
iter=  33 steps=   165300 reward=  1.380 length=  164.0 shots= 4.22 ammo= 0.78 reward_per_bullet=  0.376 sps=   629
iter=  34 steps=   170320 reward=  1.390 length=  151.8 shots= 4.11 ammo= 0.89 reward_per_bullet=  0.390 sps=   629
iter=  35 steps=   175320 reward=  1.460 length=  147.6 shots= 4.09 ammo= 0.91 reward_per_bullet=  0.422 sps=   629
iter=  36 steps=   180320 reward=  1.420 length=  149.1 shots= 4.15 ammo= 0.85 reward_per_bullet=  0.399 sps=   629
iter=  37 steps=   185320 reward=  1.320 length=  153.9 shots= 4.14 ammo= 0.86 reward_per_bullet=  0.369 sps=   629
iter=  38 steps=   190320 reward=  1.170 length=  159.2 shots= 4.23 ammo= 0.77 reward_per_bullet=  0.314 sps=   629
iter=  39 steps=   195320 reward=  1.170 length=  161.9 shots= 4.31 ammo= 0.69 reward_per_bullet=  0.308 sps=   629
iter=  40 steps=   200340 reward=  1.370 length=  162.0 shots= 4.35 ammo= 0.65 reward_per_bullet=  0.347 sps=   629
iter=  41 steps=   205340 reward=  1.360 length=  159.8 shots= 4.28 ammo= 0.72 reward_per_bullet=  0.330 sps=   629
iter=  42 steps=   210360 reward=  1.290 length=  172.7 shots= 4.31 ammo= 0.69 reward_per_bullet=  0.316 sps=   629
iter=  43 steps=   215360 reward=  1.360 length=  166.8 shots= 4.21 ammo= 0.79 reward_per_bullet=  0.328 sps=   629
iter=  44 steps=   220360 reward=  1.200 length=  164.3 shots= 4.28 ammo= 0.72 reward_per_bullet=  0.295 sps=   629
iter=  45 steps=   225360 reward=  1.290 length=  167.3 shots= 4.42 ammo= 0.58 reward_per_bullet=  0.298 sps=   629
iter=  46 steps=   230360 reward=  1.420 length=  167.8 shots= 4.56 ammo= 0.44 reward_per_bullet=  0.315 sps=   629
iter=  47 steps=   235360 reward=  1.380 length=  168.5 shots= 4.52 ammo= 0.48 reward_per_bullet=  0.326 sps=   629
iter=  48 steps=   240360 reward=  1.450 length=  170.1 shots= 4.55 ammo= 0.45 reward_per_bullet=  0.334 sps=   629
iter=  49 steps=   245360 reward=  1.490 length=  176.5 shots= 4.44 ammo= 0.56 reward_per_bullet=  0.361 sps=   629
iter=  50 steps=   250400 reward=  1.490 length=  174.3 shots= 4.39 ammo= 0.61 reward_per_bullet=  0.365 sps=   629
checkpoint=/Users/gbrero/active-research/StackelbergPOMDP/Code/StackelbergPOMDP/replication/atari/checkpoints/space_invaders_5bullets_a3c_seed1.pkl
iter=  51 steps=   255400 reward=  1.430 length=  176.8 shots= 4.34 ammo= 0.66 reward_per_bullet=  0.365 sps=   629
iter=  52 steps=   260420 reward=  1.290 length=  170.4 shots= 4.21 ammo= 0.79 reward_per_bullet=  0.355 sps=   629
iter=  53 steps=   265440 reward=  1.380 length=  174.4 shots= 4.23 ammo= 0.77 reward_per_bullet=  0.364 sps=   629
iter=  54 steps=   270440 reward=  1.500 length=  172.1 shots= 4.26 ammo= 0.74 reward_per_bullet=  0.393 sps=   629
iter=  55 steps=   275440 reward=  1.560 length=  163.9 shots= 4.32 ammo= 0.68 reward_per_bullet=  0.406 sps=   629
iter=  56 steps=   280440 reward=  1.440 length=  155.7 shots= 4.32 ammo= 0.68 reward_per_bullet=  0.383 sps=   629
iter=  57 steps=   285460 reward=  1.570 length=  157.9 shots= 4.33 ammo= 0.67 reward_per_bullet=  0.411 sps=   629
iter=  58 steps=   290460 reward=  1.570 length=  164.0 shots= 4.34 ammo= 0.66 reward_per_bullet=  0.396 sps=   629
iter=  59 steps=   295480 reward=  1.510 length=  176.8 shots= 4.39 ammo= 0.61 reward_per_bullet=  0.357 sps=   629
iter=  60 steps=   300500 reward=  1.560 length=  175.8 shots= 4.40 ammo= 0.60 reward_per_bullet=  0.374 sps=   629
iter=  61 steps=   305500 reward=  1.410 length=  157.5 shots= 4.22 ammo= 0.78 reward_per_bullet=  0.369 sps=   629
iter=  62 steps=   310520 reward=  1.560 length=  144.9 shots= 4.19 ammo= 0.81 reward_per_bullet=  0.407 sps=   629
iter=  63 steps=   315560 reward=  1.500 length=  145.5 shots= 4.08 ammo= 0.92 reward_per_bullet=  0.402 sps=   629
iter=  64 steps=   320560 reward=  1.570 length=  157.6 shots= 4.19 ammo= 0.81 reward_per_bullet=  0.405 sps=   629
iter=  65 steps=   325560 reward=  1.620 length=  168.7 shots= 4.30 ammo= 0.70 reward_per_bullet=  0.403 sps=   629
iter=  66 steps=   330580 reward=  1.600 length=  175.1 shots= 4.20 ammo= 0.80 reward_per_bullet=  0.414 sps=   629
iter=  67 steps=   335580 reward=  1.530 length=  180.8 shots= 4.23 ammo= 0.77 reward_per_bullet=  0.402 sps=   629
iter=  68 steps=   340580 reward=  1.460 length=  182.0 shots= 4.22 ammo= 0.78 reward_per_bullet=  0.381 sps=   629
iter=  69 steps=   345580 reward=  1.350 length=  181.1 shots= 4.16 ammo= 0.84 reward_per_bullet=  0.360 sps=   629
iter=  70 steps=   350620 reward=  1.390 length=  177.7 shots= 4.25 ammo= 0.75 reward_per_bullet=  0.368 sps=   629
iter=  71 steps=   355660 reward=  1.490 length=  175.4 shots= 4.30 ammo= 0.70 reward_per_bullet=  0.386 sps=   629
iter=  72 steps=   360660 reward=  1.460 length=  162.7 shots= 4.26 ammo= 0.74 reward_per_bullet=  0.376 sps=   629
iter=  73 steps=   365660 reward=  1.330 length=  153.3 shots= 4.37 ammo= 0.63 reward_per_bullet=  0.334 sps=   628
iter=  74 steps=   370700 reward=  1.390 length=  146.9 shots= 4.35 ammo= 0.65 reward_per_bullet=  0.344 sps=   628
iter=  75 steps=   375700 reward=  1.480 length=  153.9 shots= 4.34 ammo= 0.66 reward_per_bullet=  0.372 sps=   628
checkpoint=/Users/gbrero/active-research/StackelbergPOMDP/Code/StackelbergPOMDP/replication/atari/checkpoints/space_invaders_5bullets_a3c_seed1.pkl
iter=  76 steps=   380700 reward=  1.710 length=  156.6 shots= 4.20 ammo= 0.80 reward_per_bullet=  0.456 sps=   628
iter=  77 steps=   385720 reward=  1.670 length=  159.2 shots= 4.15 ammo= 0.85 reward_per_bullet=  0.446 sps=   628
iter=  78 steps=   390720 reward=  1.690 length=  160.4 shots= 4.23 ammo= 0.77 reward_per_bullet=  0.439 sps=   628
iter=  79 steps=   395720 reward=  1.680 length=  158.2 shots= 4.19 ammo= 0.81 reward_per_bullet=  0.443 sps=   628
iter=  80 steps=   400720 reward=  1.590 length=  167.1 shots= 4.26 ammo= 0.74 reward_per_bullet=  0.408 sps=   628
iter=  81 steps=   405720 reward=  1.600 length=  160.9 shots= 4.14 ammo= 0.86 reward_per_bullet=  0.429 sps=   628
iter=  82 steps=   410720 reward=  1.390 length=  158.4 shots= 4.18 ammo= 0.82 reward_per_bullet=  0.376 sps=   628
iter=  83 steps=   415720 reward=  1.420 length=  165.6 shots= 4.26 ammo= 0.74 reward_per_bullet=  0.368 sps=   628
iter=  84 steps=   420720 reward=  1.540 length=  169.4 shots= 4.39 ammo= 0.61 reward_per_bullet=  0.373 sps=   628
iter=  85 steps=   425720 reward=  1.470 length=  167.7 shots= 4.51 ammo= 0.49 reward_per_bullet=  0.355 sps=   628
iter=  86 steps=   430720 reward=  1.570 length=  167.6 shots= 4.57 ammo= 0.43 reward_per_bullet=  0.367 sps=   628
iter=  87 steps=   435720 reward=  1.520 length=  158.8 shots= 4.40 ammo= 0.60 reward_per_bullet=  0.376 sps=   628
iter=  88 steps=   440740 reward=  1.620 length=  158.0 shots= 4.24 ammo= 0.76 reward_per_bullet=  0.410 sps=   628
iter=  89 steps=   445760 reward=  1.660 length=  149.1 shots= 4.09 ammo= 0.91 reward_per_bullet=  0.444 sps=   628
iter=  90 steps=   450760 reward=  1.630 length=  156.3 shots= 4.11 ammo= 0.89 reward_per_bullet=  0.425 sps=   628
iter=  91 steps=   455760 reward=  1.620 length=  141.9 shots= 4.15 ammo= 0.85 reward_per_bullet=  0.441 sps=   627
iter=  92 steps=   460800 reward=  1.490 length=  157.3 shots= 4.13 ammo= 0.87 reward_per_bullet=  0.409 sps=   627
iter=  93 steps=   465800 reward=  1.530 length=  151.1 shots= 4.16 ammo= 0.84 reward_per_bullet=  0.398 sps=   627
iter=  94 steps=   470800 reward=  1.550 length=  154.9 shots= 4.13 ammo= 0.87 reward_per_bullet=  0.412 sps=   627
iter=  95 steps=   475800 reward=  1.630 length=  163.5 shots= 4.23 ammo= 0.77 reward_per_bullet=  0.407 sps=   627
iter=  96 steps=   480800 reward=  1.630 length=  159.7 shots= 4.25 ammo= 0.75 reward_per_bullet=  0.417 sps=   627
iter=  97 steps=   485820 reward=  1.660 length=  177.8 shots= 4.42 ammo= 0.58 reward_per_bullet=  0.407 sps=   627
iter=  98 steps=   490840 reward=  1.610 length=  171.5 shots= 4.34 ammo= 0.66 reward_per_bullet=  0.403 sps=   627
iter=  99 steps=   495840 reward=  1.560 length=  167.3 shots= 4.32 ammo= 0.68 reward_per_bullet=  0.384 sps=   627
iter= 100 steps=   500860 reward=  1.590 length=  159.7 shots= 4.28 ammo= 0.72 reward_per_bullet=  0.394 sps=   627
checkpoint=/Users/gbrero/active-research/StackelbergPOMDP/Code/StackelbergPOMDP/replication/atari/checkpoints/space_invaders_5bullets_a3c_seed1.pkl
iter= 101 steps=   505880 reward=  1.400 length=  155.7 shots= 4.26 ammo= 0.74 reward_per_bullet=  0.358 sps=   627
iter= 102 steps=   510880 reward=  1.450 length=  163.3 shots= 4.11 ammo= 0.89 reward_per_bullet=  0.393 sps=   627
iter= 103 steps=   515880 reward=  1.470 length=  157.3 shots= 4.18 ammo= 0.82 reward_per_bullet=  0.387 sps=   627
iter= 104 steps=   520880 reward=  1.500 length=  169.8 shots= 4.29 ammo= 0.71 reward_per_bullet=  0.388 sps=   627
iter= 105 steps=   525900 reward=  1.530 length=  168.8 shots= 4.31 ammo= 0.69 reward_per_bullet=  0.397 sps=   627
iter= 106 steps=   530900 reward=  1.500 length=  171.8 shots= 4.30 ammo= 0.70 reward_per_bullet=  0.387 sps=   627
iter= 107 steps=   535900 reward=  1.410 length=  163.6 shots= 4.21 ammo= 0.79 reward_per_bullet=  0.385 sps=   627
iter= 108 steps=   540920 reward=  1.450 length=  163.1 shots= 4.25 ammo= 0.75 reward_per_bullet=  0.386 sps=   627
iter= 109 steps=   545920 reward=  1.440 length=  156.0 shots= 4.30 ammo= 0.70 reward_per_bullet=  0.372 sps=   627
iter= 110 steps=   550940 reward=  1.460 length=  159.2 shots= 4.41 ammo= 0.59 reward_per_bullet=  0.361 sps=   627
iter= 111 steps=   555960 reward=  1.590 length=  163.4 shots= 4.38 ammo= 0.62 reward_per_bullet=  0.388 sps=   626
iter= 112 steps=   560960 reward=  1.670 length=  172.4 shots= 4.37 ammo= 0.63 reward_per_bullet=  0.410 sps=   627
iter= 113 steps=   565960 reward=  1.660 length=  169.9 shots= 4.34 ammo= 0.66 reward_per_bullet=  0.405 sps=   627
iter= 114 steps=   570960 reward=  1.570 length=  168.5 shots= 4.33 ammo= 0.67 reward_per_bullet=  0.390 sps=   627
iter= 115 steps=   575980 reward=  1.420 length=  165.4 shots= 4.26 ammo= 0.74 reward_per_bullet=  0.377 sps=   626
iter= 116 steps=   580980 reward=  1.410 length=  169.1 shots= 4.25 ammo= 0.75 reward_per_bullet=  0.368 sps=   626
iter= 117 steps=   586000 reward=  1.560 length=  169.7 shots= 4.27 ammo= 0.73 reward_per_bullet=  0.401 sps=   626
iter= 118 steps=   591020 reward=  1.620 length=  167.8 shots= 4.26 ammo= 0.74 reward_per_bullet=  0.426 sps=   626
iter= 119 steps=   596020 reward=  1.700 length=  159.1 shots= 4.33 ammo= 0.67 reward_per_bullet=  0.433 sps=   626
iter= 120 steps=   601020 reward=  1.720 length=  159.0 shots= 4.27 ammo= 0.73 reward_per_bullet=  0.454 sps=   626
iter= 121 steps=   606020 reward=  1.720 length=  154.2 shots= 4.24 ammo= 0.76 reward_per_bullet=  0.451 sps=   625
iter= 122 steps=   611020 reward=  1.670 length=  162.9 shots= 4.27 ammo= 0.73 reward_per_bullet=  0.425 sps=   625
iter= 123 steps=   616020 reward=  1.710 length=  170.0 shots= 4.34 ammo= 0.66 reward_per_bullet=  0.434 sps=   625
iter= 124 steps=   621020 reward=  1.750 length=  178.7 shots= 4.38 ammo= 0.62 reward_per_bullet=  0.444 sps=   625
iter= 125 steps=   626040 reward=  1.680 length=  177.9 shots= 4.35 ammo= 0.65 reward_per_bullet=  0.438 sps=   625
checkpoint=/Users/gbrero/active-research/StackelbergPOMDP/Code/StackelbergPOMDP/replication/atari/checkpoints/space_invaders_5bullets_a3c_seed1.pkl
iter= 126 steps=   631040 reward=  1.640 length=  172.2 shots= 4.26 ammo= 0.74 reward_per_bullet=  0.437 sps=   624
iter= 127 steps=   636080 reward=  1.460 length=  164.3 shots= 4.23 ammo= 0.77 reward_per_bullet=  0.404 sps=   624
iter= 128 steps=   641080 reward=  1.420 length=  159.7 shots= 4.21 ammo= 0.79 reward_per_bullet=  0.394 sps=   624
iter= 129 steps=   646080 reward=  1.450 length=  161.6 shots= 4.23 ammo= 0.77 reward_per_bullet=  0.396 sps=   624
iter= 130 steps=   651080 reward=  1.480 length=  154.5 shots= 4.18 ammo= 0.82 reward_per_bullet=  0.409 sps=   624
iter= 131 steps=   656100 reward=  1.540 length=  166.1 shots= 4.15 ammo= 0.85 reward_per_bullet=  0.425 sps=   624
iter= 132 steps=   661100 reward=  1.480 length=  164.6 shots= 4.19 ammo= 0.81 reward_per_bullet=  0.404 sps=   624
iter= 133 steps=   666100 reward=  1.440 length=  166.5 shots= 4.20 ammo= 0.80 reward_per_bullet=  0.382 sps=   624
iter= 134 steps=   671100 reward=  1.520 length=  164.6 shots= 4.27 ammo= 0.73 reward_per_bullet=  0.392 sps=   624
iter= 135 steps=   676100 reward=  1.530 length=  159.2 shots= 4.14 ammo= 0.86 reward_per_bullet=  0.409 sps=   623
iter= 136 steps=   681100 reward=  1.530 length=  162.3 shots= 4.11 ammo= 0.89 reward_per_bullet=  0.411 sps=   623
iter= 137 steps=   686100 reward=  1.580 length=  174.2 shots= 4.14 ammo= 0.86 reward_per_bullet=  0.429 sps=   623
iter= 138 steps=   691100 reward=  1.510 length=  166.5 shots= 4.19 ammo= 0.81 reward_per_bullet=  0.414 sps=   623
iter= 139 steps=   696120 reward=  1.490 length=  159.9 shots= 4.21 ammo= 0.79 reward_per_bullet=  0.412 sps=   622
iter= 140 steps=   701120 reward=  1.360 length=  151.9 shots= 4.12 ammo= 0.88 reward_per_bullet=  0.375 sps=   622
iter= 141 steps=   706120 reward=  1.380 length=  154.6 shots= 4.11 ammo= 0.89 reward_per_bullet=  0.375 sps=   622
iter= 142 steps=   711120 reward=  1.410 length=  156.9 shots= 4.06 ammo= 0.94 reward_per_bullet=  0.390 sps=   622
iter= 143 steps=   716120 reward=  1.430 length=  160.7 shots= 4.22 ammo= 0.78 reward_per_bullet=  0.382 sps=   622
iter= 144 steps=   721120 reward=  1.570 length=  157.8 shots= 4.23 ammo= 0.77 reward_per_bullet=  0.420 sps=   622
iter= 145 steps=   726120 reward=  1.550 length=  154.8 shots= 4.22 ammo= 0.78 reward_per_bullet=  0.412 sps=   622
iter= 146 steps=   731120 reward=  1.570 length=  150.2 shots= 4.17 ammo= 0.83 reward_per_bullet=  0.414 sps=   621
iter= 147 steps=   736140 reward=  1.540 length=  153.4 shots= 4.21 ammo= 0.79 reward_per_bullet=  0.394 sps=   621
iter= 148 steps=   741160 reward=  1.460 length=  152.7 shots= 4.28 ammo= 0.72 reward_per_bullet=  0.374 sps=   621
iter= 149 steps=   746160 reward=  1.420 length=  162.3 shots= 4.33 ammo= 0.67 reward_per_bullet=  0.363 sps=   621
iter= 150 steps=   751180 reward=  1.520 length=  168.3 shots= 4.41 ammo= 0.59 reward_per_bullet=  0.382 sps=   621
checkpoint=/Users/gbrero/active-research/StackelbergPOMDP/Code/StackelbergPOMDP/replication/atari/checkpoints/space_invaders_5bullets_a3c_seed1.pkl
iter= 151 steps=   756180 reward=  1.550 length=  163.2 shots= 4.37 ammo= 0.63 reward_per_bullet=  0.393 sps=   620
iter= 152 steps=   761180 reward=  1.590 length=  155.5 shots= 4.35 ammo= 0.65 reward_per_bullet=  0.415 sps=   620
iter= 153 steps=   766180 reward=  1.630 length=  165.0 shots= 4.40 ammo= 0.60 reward_per_bullet=  0.414 sps=   620
iter= 154 steps=   771180 reward=  1.560 length=  163.6 shots= 4.39 ammo= 0.61 reward_per_bullet=  0.409 sps=   619
iter= 155 steps=   776180 reward=  1.640 length=  167.9 shots= 4.37 ammo= 0.63 reward_per_bullet=  0.407 sps=   619
iter= 156 steps=   781200 reward=  1.560 length=  156.8 shots= 4.28 ammo= 0.72 reward_per_bullet=  0.400 sps=   619
iter= 157 steps=   786200 reward=  1.530 length=  161.4 shots= 4.25 ammo= 0.75 reward_per_bullet=  0.389 sps=   619
iter= 158 steps=   791200 reward=  1.460 length=  159.5 shots= 4.31 ammo= 0.69 reward_per_bullet=  0.371 sps=   619
iter= 159 steps=   796200 reward=  1.460 length=  165.6 shots= 4.29 ammo= 0.71 reward_per_bullet=  0.387 sps=   618
iter= 160 steps=   801200 reward=  1.600 length=  179.0 shots= 4.44 ammo= 0.56 reward_per_bullet=  0.402 sps=   618
iter= 161 steps=   806200 reward=  1.610 length=  178.9 shots= 4.50 ammo= 0.50 reward_per_bullet=  0.392 sps=   618
iter= 162 steps=   811200 reward=  1.610 length=  178.3 shots= 4.37 ammo= 0.63 reward_per_bullet=  0.405 sps=   618
iter= 163 steps=   816220 reward=  1.580 length=  165.3 shots= 4.34 ammo= 0.66 reward_per_bullet=  0.397 sps=   618
iter= 164 steps=   821220 reward=  1.440 length=  164.7 shots= 4.26 ammo= 0.74 reward_per_bullet=  0.384 sps=   617
iter= 165 steps=   826240 reward=  1.500 length=  156.0 shots= 4.29 ammo= 0.71 reward_per_bullet=  0.400 sps=   617
iter= 166 steps=   831240 reward=  1.470 length=  154.4 shots= 4.29 ammo= 0.71 reward_per_bullet=  0.386 sps=   617
iter= 167 steps=   836240 reward=  1.610 length=  148.8 shots= 4.31 ammo= 0.69 reward_per_bullet=  0.401 sps=   617
iter= 168 steps=   841240 reward=  1.610 length=  147.9 shots= 4.09 ammo= 0.91 reward_per_bullet=  0.444 sps=   617
iter= 169 steps=   846260 reward=  1.710 length=  161.8 shots= 4.12 ammo= 0.88 reward_per_bullet=  0.464 sps=   617
iter= 170 steps=   851260 reward=  1.680 length=  158.9 shots= 4.11 ammo= 0.89 reward_per_bullet=  0.462 sps=   617
iter= 171 steps=   856260 reward=  1.820 length=  162.1 shots= 4.11 ammo= 0.89 reward_per_bullet=  0.486 sps=   617
iter= 172 steps=   861260 reward=  1.780 length=  165.3 shots= 4.18 ammo= 0.82 reward_per_bullet=  0.449 sps=   617
iter= 173 steps=   866260 reward=  1.820 length=  159.6 shots= 4.12 ammo= 0.88 reward_per_bullet=  0.476 sps=   617
iter= 174 steps=   871260 reward=  1.650 length=  145.2 shots= 4.25 ammo= 0.75 reward_per_bullet=  0.428 sps=   617
iter= 175 steps=   876280 reward=  1.680 length=  157.4 shots= 4.40 ammo= 0.60 reward_per_bullet=  0.419 sps=   617
checkpoint=/Users/gbrero/active-research/StackelbergPOMDP/Code/StackelbergPOMDP/replication/atari/checkpoints/space_invaders_5bullets_a3c_seed1.pkl
iter= 176 steps=   881280 reward=  1.710 length=  156.7 shots= 4.37 ammo= 0.63 reward_per_bullet=  0.432 sps=   617
iter= 177 steps=   886300 reward=  1.740 length=  167.9 shots= 4.27 ammo= 0.73 reward_per_bullet=  0.454 sps=   617
iter= 178 steps=   891300 reward=  1.770 length=  175.0 shots= 4.21 ammo= 0.79 reward_per_bullet=  0.462 sps=   617
iter= 179 steps=   896300 reward=  1.710 length=  170.6 shots= 4.18 ammo= 0.82 reward_per_bullet=  0.450 sps=   616
iter= 180 steps=   901300 reward=  1.630 length=  171.9 shots= 4.18 ammo= 0.82 reward_per_bullet=  0.415 sps=   616
iter= 181 steps=   906340 reward=  1.790 length=  174.1 shots= 4.15 ammo= 0.85 reward_per_bullet=  0.464 sps=   616
iter= 182 steps=   911340 reward=  1.760 length=  170.4 shots= 4.18 ammo= 0.82 reward_per_bullet=  0.439 sps=   616
iter= 183 steps=   916340 reward=  1.830 length=  177.5 shots= 4.16 ammo= 0.84 reward_per_bullet=  0.463 sps=   616
iter= 184 steps=   921340 reward=  1.790 length=  185.3 shots= 4.26 ammo= 0.74 reward_per_bullet=  0.448 sps=   615
iter= 185 steps=   926340 reward=  1.680 length=  179.9 shots= 4.26 ammo= 0.74 reward_per_bullet=  0.442 sps=   615
iter= 186 steps=   931340 reward=  1.670 length=  170.8 shots= 4.30 ammo= 0.70 reward_per_bullet=  0.437 sps=   615
iter= 187 steps=   936360 reward=  1.690 length=  163.6 shots= 4.22 ammo= 0.78 reward_per_bullet=  0.438 sps=   614
iter= 188 steps=   941400 reward=  1.730 length=  166.1 shots= 4.21 ammo= 0.79 reward_per_bullet=  0.435 sps=   614
iter= 189 steps=   946400 reward=  1.660 length=  166.0 shots= 4.15 ammo= 0.85 reward_per_bullet=  0.438 sps=   614
iter= 190 steps=   951400 reward=  1.560 length=  168.0 shots= 4.11 ammo= 0.89 reward_per_bullet=  0.431 sps=   614
iter= 191 steps=   956400 reward=  1.650 length=  156.2 shots= 4.16 ammo= 0.84 reward_per_bullet=  0.457 sps=   613
iter= 192 steps=   961420 reward=  1.710 length=  156.7 shots= 4.37 ammo= 0.63 reward_per_bullet=  0.429 sps=   613
iter= 193 steps=   966420 reward=  1.660 length=  151.0 shots= 4.34 ammo= 0.66 reward_per_bullet=  0.410 sps=   613
iter= 194 steps=   971420 reward=  1.520 length=  155.3 shots= 4.29 ammo= 0.71 reward_per_bullet=  0.377 sps=   612
iter= 195 steps=   976460 reward=  1.530 length=  159.4 shots= 4.36 ammo= 0.64 reward_per_bullet=  0.380 sps=   612
iter= 196 steps=   981460 reward=  1.570 length=  151.4 shots= 4.24 ammo= 0.76 reward_per_bullet=  0.398 sps=   612
iter= 197 steps=   986460 reward=  1.650 length=  152.8 shots= 4.23 ammo= 0.77 reward_per_bullet=  0.428 sps=   612
iter= 198 steps=   991460 reward=  1.640 length=  151.1 shots= 4.05 ammo= 0.95 reward_per_bullet=  0.444 sps=   612
iter= 199 steps=   996460 reward=  1.630 length=  165.3 shots= 4.20 ammo= 0.80 reward_per_bullet=  0.430 sps=   611
iter= 200 steps=  1001460 reward=  1.680 length=  171.4 shots= 4.23 ammo= 0.77 reward_per_bullet=  0.438 sps=   611
checkpoint=/Users/gbrero/active-research/StackelbergPOMDP/Code/StackelbergPOMDP/replication/atari/checkpoints/space_invaders_5bullets_a3c_seed1.pkl
iter= 201 steps=  1006460 reward=  1.770 length=  162.8 shots= 4.14 ammo= 0.86 reward_per_bullet=  0.473 sps=   611
iter= 202 steps=  1011460 reward=  1.770 length=  156.3 shots= 4.15 ammo= 0.85 reward_per_bullet=  0.473 sps=   611
iter= 203 steps=  1016460 reward=  1.860 length=  153.7 shots= 4.17 ammo= 0.83 reward_per_bullet=  0.473 sps=   610
iter= 204 steps=  1021460 reward=  1.750 length=  164.9 shots= 4.30 ammo= 0.70 reward_per_bullet=  0.437 sps=   610
iter= 205 steps=  1026460 reward=  1.790 length=  163.0 shots= 4.34 ammo= 0.66 reward_per_bullet=  0.442 sps=   610
iter= 206 steps=  1031460 reward=  1.530 length=  159.6 shots= 4.23 ammo= 0.77 reward_per_bullet=  0.401 sps=   610
iter= 207 steps=  1036460 reward=  1.620 length=  160.8 shots= 4.19 ammo= 0.81 reward_per_bullet=  0.420 sps=   609
iter= 208 steps=  1041460 reward=  1.610 length=  166.5 shots= 4.28 ammo= 0.72 reward_per_bullet=  0.411 sps=   609
iter= 209 steps=  1046460 reward=  1.700 length=  165.3 shots= 4.31 ammo= 0.69 reward_per_bullet=  0.423 sps=   609
iter= 210 steps=  1051480 reward=  1.900 length=  154.4 shots= 4.30 ammo= 0.70 reward_per_bullet=  0.469 sps=   609
iter= 211 steps=  1056480 reward=  1.790 length=  159.0 shots= 4.21 ammo= 0.79 reward_per_bullet=  0.456 sps=   609
iter= 212 steps=  1061480 reward=  1.910 length=  165.2 shots= 4.27 ammo= 0.73 reward_per_bullet=  0.475 sps=   609
iter= 213 steps=  1066480 reward=  1.790 length=  177.9 shots= 4.28 ammo= 0.72 reward_per_bullet=  0.445 sps=   609
iter= 214 steps=  1071480 reward=  1.880 length=  173.9 shots= 4.31 ammo= 0.69 reward_per_bullet=  0.467 sps=   609
iter= 215 steps=  1076500 reward=  1.780 length=  156.5 shots= 4.19 ammo= 0.81 reward_per_bullet=  0.478 sps=   609
iter= 216 steps=  1081500 reward=  1.820 length=  152.8 shots= 4.23 ammo= 0.77 reward_per_bullet=  0.490 sps=   609
iter= 217 steps=  1086500 reward=  1.750 length=  151.1 shots= 4.19 ammo= 0.81 reward_per_bullet=  0.494 sps=   609
iter= 218 steps=  1091520 reward=  1.780 length=  162.7 shots= 4.25 ammo= 0.75 reward_per_bullet=  0.487 sps=   609
iter= 219 steps=  1096520 reward=  1.820 length=  157.9 shots= 4.26 ammo= 0.74 reward_per_bullet=  0.485 sps=   609
iter= 220 steps=  1101520 reward=  1.990 length=  161.9 shots= 4.26 ammo= 0.74 reward_per_bullet=  0.521 sps=   608
iter= 221 steps=  1106520 reward=  2.040 length=  157.6 shots= 4.26 ammo= 0.74 reward_per_bullet=  0.527 sps=   608
iter= 222 steps=  1111520 reward=  1.950 length=  163.8 shots= 4.27 ammo= 0.73 reward_per_bullet=  0.494 sps=   608
iter= 223 steps=  1116520 reward=  1.930 length=  158.5 shots= 4.30 ammo= 0.70 reward_per_bullet=  0.485 sps=   608
iter= 224 steps=  1121520 reward=  1.780 length=  164.5 shots= 4.26 ammo= 0.74 reward_per_bullet=  0.447 sps=   608
iter= 225 steps=  1126520 reward=  1.870 length=  160.8 shots= 4.30 ammo= 0.70 reward_per_bullet=  0.465 sps=   608
checkpoint=/Users/gbrero/active-research/StackelbergPOMDP/Code/StackelbergPOMDP/replication/atari/checkpoints/space_invaders_5bullets_a3c_seed1.pkl
iter= 226 steps=  1131520 reward=  1.900 length=  162.5 shots= 4.22 ammo= 0.78 reward_per_bullet=  0.488 sps=   608
iter= 227 steps=  1136520 reward=  1.960 length=  169.1 shots= 4.26 ammo= 0.74 reward_per_bullet=  0.496 sps=   608
iter= 228 steps=  1141540 reward=  2.000 length=  171.0 shots= 4.31 ammo= 0.69 reward_per_bullet=  0.497 sps=   608
iter= 229 steps=  1146540 reward=  1.910 length=  176.5 shots= 4.23 ammo= 0.77 reward_per_bullet=  0.487 sps=   608
iter= 230 steps=  1151560 reward=  1.830 length=  182.7 shots= 4.39 ammo= 0.61 reward_per_bullet=  0.434 sps=   608
iter= 231 steps=  1156560 reward=  1.760 length=  176.2 shots= 4.27 ammo= 0.73 reward_per_bullet=  0.438 sps=   608
iter= 232 steps=  1161560 reward=  1.800 length=  174.0 shots= 4.28 ammo= 0.72 reward_per_bullet=  0.448 sps=   607
iter= 233 steps=  1166560 reward=  1.880 length=  176.9 shots= 4.37 ammo= 0.63 reward_per_bullet=  0.458 sps=   607
iter= 234 steps=  1171560 reward=  2.020 length=  172.1 shots= 4.41 ammo= 0.59 reward_per_bullet=  0.487 sps=   607
iter= 235 steps=  1176560 reward=  2.140 length=  170.7 shots= 4.40 ammo= 0.60 reward_per_bullet=  0.520 sps=   607
iter= 236 steps=  1181560 reward=  2.230 length=  175.6 shots= 4.41 ammo= 0.59 reward_per_bullet=  0.539 sps=   607
iter= 237 steps=  1186560 reward=  2.230 length=  174.1 shots= 4.41 ammo= 0.59 reward_per_bullet=  0.542 sps=   607
iter= 238 steps=  1191600 reward=  2.070 length=  173.4 shots= 4.33 ammo= 0.67 reward_per_bullet=  0.518 sps=   607
iter= 239 steps=  1196600 reward=  1.930 length=  171.3 shots= 4.43 ammo= 0.57 reward_per_bullet=  0.479 sps=   607
iter= 240 steps=  1201600 reward=  1.740 length=  160.5 shots= 4.23 ammo= 0.77 reward_per_bullet=  0.466 sps=   607
iter= 241 steps=  1206600 reward=  1.750 length=  161.2 shots= 4.14 ammo= 0.86 reward_per_bullet=  0.480 sps=   606
iter= 242 steps=  1211600 reward=  1.770 length=  165.1 shots= 4.15 ammo= 0.85 reward_per_bullet=  0.481 sps=   606
iter= 243 steps=  1216600 reward=  1.720 length=  163.6 shots= 4.23 ammo= 0.77 reward_per_bullet=  0.458 sps=   606
iter= 244 steps=  1221620 reward=  1.800 length=  163.7 shots= 4.30 ammo= 0.70 reward_per_bullet=  0.461 sps=   606
iter= 245 steps=  1226620 reward=  1.840 length=  165.6 shots= 4.39 ammo= 0.61 reward_per_bullet=  0.464 sps=   606
iter= 246 steps=  1231620 reward=  1.930 length=  160.6 shots= 4.22 ammo= 0.78 reward_per_bullet=  0.520 sps=   606
iter= 247 steps=  1236620 reward=  2.070 length=  165.1 shots= 4.31 ammo= 0.69 reward_per_bullet=  0.526 sps=   606
iter= 248 steps=  1241640 reward=  2.110 length=  167.7 shots= 4.38 ammo= 0.62 reward_per_bullet=  0.515 sps=   606
iter= 249 steps=  1246660 reward=  2.140 length=  172.5 shots= 4.46 ammo= 0.54 reward_per_bullet=  0.499 sps=   606
iter= 250 steps=  1251660 reward=  2.090 length=  178.5 shots= 4.54 ammo= 0.46 reward_per_bullet=  0.477 sps=   606
checkpoint=/Users/gbrero/active-research/StackelbergPOMDP/Code/StackelbergPOMDP/replication/atari/checkpoints/space_invaders_5bullets_a3c_seed1.pkl
iter= 251 steps=  1256660 reward=  2.050 length=  182.0 shots= 4.48 ammo= 0.52 reward_per_bullet=  0.485 sps=   606
iter= 252 steps=  1261660 reward=  2.100 length=  174.6 shots= 4.29 ammo= 0.71 reward_per_bullet=  0.513 sps=   606
iter= 253 steps=  1266660 reward=  1.970 length=  168.0 shots= 4.29 ammo= 0.71 reward_per_bullet=  0.484 sps=   606
iter= 254 steps=  1271660 reward=  1.980 length=  170.5 shots= 4.35 ammo= 0.65 reward_per_bullet=  0.476 sps=   606
iter= 255 steps=  1276660 reward=  2.080 length=  158.4 shots= 4.27 ammo= 0.73 reward_per_bullet=  0.516 sps=   606
iter= 256 steps=  1281660 reward=  2.220 length=  176.3 shots= 4.38 ammo= 0.62 reward_per_bullet=  0.529 sps=   605
iter= 257 steps=  1286660 reward=  2.320 length=  170.5 shots= 4.19 ammo= 0.81 reward_per_bullet=  0.573 sps=   605
iter= 258 steps=  1291660 reward=  2.310 length=  174.5 shots= 4.32 ammo= 0.68 reward_per_bullet=  0.557 sps=   605
iter= 259 steps=  1296660 reward=  2.300 length=  164.6 shots= 4.24 ammo= 0.76 reward_per_bullet=  0.579 sps=   605
iter= 260 steps=  1301660 reward=  2.330 length=  162.9 shots= 4.30 ammo= 0.70 reward_per_bullet=  0.578 sps=   605
iter= 261 steps=  1306660 reward=  2.240 length=  165.4 shots= 4.29 ammo= 0.71 reward_per_bullet=  0.553 sps=   605
iter= 262 steps=  1311660 reward=  2.180 length=  158.7 shots= 4.23 ammo= 0.77 reward_per_bullet=  0.539 sps=   604
iter= 263 steps=  1316660 reward=  1.980 length=  155.6 shots= 4.25 ammo= 0.75 reward_per_bullet=  0.484 sps=   604
iter= 264 steps=  1321680 reward=  2.090 length=  154.8 shots= 4.17 ammo= 0.83 reward_per_bullet=  0.531 sps=   604
iter= 265 steps=  1326680 reward=  2.070 length=  165.8 shots= 4.33 ammo= 0.67 reward_per_bullet=  0.505 sps=   604
iter= 266 steps=  1331680 reward=  2.110 length=  174.6 shots= 4.39 ammo= 0.61 reward_per_bullet=  0.512 sps=   603
iter= 267 steps=  1336680 reward=  2.290 length=  180.8 shots= 4.44 ammo= 0.56 reward_per_bullet=  0.536 sps=   603
iter= 268 steps=  1341700 reward=  2.190 length=  184.8 shots= 4.43 ammo= 0.57 reward_per_bullet=  0.519 sps=   603
iter= 269 steps=  1346700 reward=  2.230 length=  173.8 shots= 4.35 ammo= 0.65 reward_per_bullet=  0.533 sps=   603
iter= 270 steps=  1351700 reward=  2.200 length=  169.2 shots= 4.26 ammo= 0.74 reward_per_bullet=  0.548 sps=   603
iter= 271 steps=  1356700 reward=  2.180 length=  169.7 shots= 4.19 ammo= 0.81 reward_per_bullet=  0.545 sps=   602
iter= 272 steps=  1361700 reward=  2.170 length=  168.3 shots= 4.25 ammo= 0.75 reward_per_bullet=  0.543 sps=   602
iter= 273 steps=  1366720 reward=  2.010 length=  170.9 shots= 4.28 ammo= 0.72 reward_per_bullet=  0.505 sps=   602
iter= 274 steps=  1371720 reward=  1.960 length=  164.8 shots= 4.23 ammo= 0.77 reward_per_bullet=  0.508 sps=   602
iter= 275 steps=  1376720 reward=  1.920 length=  175.9 shots= 4.34 ammo= 0.66 reward_per_bullet=  0.482 sps=   602
checkpoint=/Users/gbrero/active-research/StackelbergPOMDP/Code/StackelbergPOMDP/replication/atari/checkpoints/space_invaders_5bullets_a3c_seed1.pkl
iter= 276 steps=  1381740 reward=  1.870 length=  176.2 shots= 4.31 ammo= 0.69 reward_per_bullet=  0.488 sps=   601
iter= 277 steps=  1386740 reward=  1.940 length=  181.8 shots= 4.37 ammo= 0.63 reward_per_bullet=  0.491 sps=   601
iter= 278 steps=  1391740 reward=  1.880 length=  173.5 shots= 4.31 ammo= 0.69 reward_per_bullet=  0.482 sps=   601
iter= 279 steps=  1396740 reward=  2.000 length=  164.6 shots= 4.24 ammo= 0.76 reward_per_bullet=  0.515 sps=   601
iter= 280 steps=  1401740 reward=  1.980 length=  164.1 shots= 4.17 ammo= 0.83 reward_per_bullet=  0.526 sps=   601
iter= 281 steps=  1406760 reward=  2.110 length=  172.4 shots= 4.15 ammo= 0.85 reward_per_bullet=  0.544 sps=   600
iter= 282 steps=  1411760 reward=  2.040 length=  182.2 shots= 4.26 ammo= 0.74 reward_per_bullet=  0.514 sps=   600
iter= 283 steps=  1416760 reward=  2.070 length=  184.8 shots= 4.19 ammo= 0.81 reward_per_bullet=  0.520 sps=   600
iter= 284 steps=  1421780 reward=  2.060 length=  185.2 shots= 4.29 ammo= 0.71 reward_per_bullet=  0.491 sps=   600
iter= 285 steps=  1426780 reward=  1.920 length=  183.9 shots= 4.33 ammo= 0.67 reward_per_bullet=  0.460 sps=   600
iter= 286 steps=  1431780 reward=  2.000 length=  172.9 shots= 4.42 ammo= 0.58 reward_per_bullet=  0.474 sps=   600
iter= 287 steps=  1436780 reward=  1.930 length=  175.3 shots= 4.41 ammo= 0.59 reward_per_bullet=  0.459 sps=   600
iter= 288 steps=  1441780 reward=  1.930 length=  166.6 shots= 4.31 ammo= 0.69 reward_per_bullet=  0.480 sps=   600
iter= 289 steps=  1446780 reward=  2.100 length=  159.4 shots= 4.24 ammo= 0.76 reward_per_bullet=  0.524 sps=   600
iter= 290 steps=  1451780 reward=  2.150 length=  165.4 shots= 4.33 ammo= 0.67 reward_per_bullet=  0.529 sps=   599
iter= 291 steps=  1456800 reward=  2.280 length=  169.8 shots= 4.43 ammo= 0.57 reward_per_bullet=  0.541 sps=   599
iter= 292 steps=  1461800 reward=  2.130 length=  176.3 shots= 4.39 ammo= 0.61 reward_per_bullet=  0.515 sps=   599
iter= 293 steps=  1466800 reward=  2.040 length=  185.2 shots= 4.41 ammo= 0.59 reward_per_bullet=  0.484 sps=   599
iter= 294 steps=  1471800 reward=  1.970 length=  189.9 shots= 4.33 ammo= 0.67 reward_per_bullet=  0.487 sps=   599
iter= 295 steps=  1476800 reward=  1.840 length=  179.1 shots= 4.26 ammo= 0.74 reward_per_bullet=  0.479 sps=   599
iter= 296 steps=  1481820 reward=  2.090 length=  182.1 shots= 4.44 ammo= 0.56 reward_per_bullet=  0.512 sps=   599
iter= 297 steps=  1486820 reward=  2.150 length=  174.0 shots= 4.44 ammo= 0.56 reward_per_bullet=  0.530 sps=   599
iter= 298 steps=  1491820 reward=  2.240 length=  173.6 shots= 4.40 ammo= 0.60 reward_per_bullet=  0.551 sps=   599
iter= 299 steps=  1496820 reward=  2.170 length=  170.4 shots= 4.32 ammo= 0.68 reward_per_bullet=  0.539 sps=   599
iter= 300 steps=  1501820 reward=  2.200 length=  177.3 shots= 4.30 ammo= 0.70 reward_per_bullet=  0.540 sps=   599
checkpoint=/Users/gbrero/active-research/StackelbergPOMDP/Code/StackelbergPOMDP/replication/atari/checkpoints/space_invaders_5bullets_a3c_seed1.pkl
iter= 301 steps=  1506820 reward=  2.180 length=  186.6 shots= 4.40 ammo= 0.60 reward_per_bullet=  0.525 sps=   599
iter= 302 steps=  1511820 reward=  2.050 length=  190.1 shots= 4.39 ammo= 0.61 reward_per_bullet=  0.497 sps=   599
iter= 303 steps=  1516820 reward=  2.080 length=  185.3 shots= 4.37 ammo= 0.63 reward_per_bullet=  0.504 sps=   599
iter= 304 steps=  1521820 reward=  2.060 length=  171.4 shots= 4.32 ammo= 0.68 reward_per_bullet=  0.508 sps=   599
iter= 305 steps=  1526820 reward=  2.180 length=  160.8 shots= 4.19 ammo= 0.81 reward_per_bullet=  0.547 sps=   599
iter= 306 steps=  1531820 reward=  2.160 length=  155.9 shots= 4.10 ammo= 0.90 reward_per_bullet=  0.556 sps=   599
iter= 307 steps=  1536820 reward=  2.140 length=  164.0 shots= 4.20 ammo= 0.80 reward_per_bullet=  0.543 sps=   599
iter= 308 steps=  1541820 reward=  2.100 length=  171.1 shots= 4.31 ammo= 0.69 reward_per_bullet=  0.518 sps=   599
iter= 309 steps=  1546860 reward=  2.110 length=  176.4 shots= 4.39 ammo= 0.61 reward_per_bullet=  0.511 sps=   599
iter= 310 steps=  1551880 reward=  2.280 length=  189.9 shots= 4.61 ammo= 0.39 reward_per_bullet=  0.502 sps=   599
iter= 311 steps=  1556880 reward=  2.250 length=  184.8 shots= 4.50 ammo= 0.50 reward_per_bullet=  0.518 sps=   599
iter= 312 steps=  1561900 reward=  2.320 length=  167.6 shots= 4.30 ammo= 0.70 reward_per_bullet=  0.569 sps=   599
iter= 313 steps=  1566920 reward=  2.320 length=  164.6 shots= 4.29 ammo= 0.71 reward_per_bullet=  0.581 sps=   599
iter= 314 steps=  1571920 reward=  2.390 length=  164.2 shots= 4.31 ammo= 0.69 reward_per_bullet=  0.596 sps=   599
iter= 315 steps=  1576960 reward=  2.330 length=  166.0 shots= 4.35 ammo= 0.65 reward_per_bullet=  0.569 sps=   599
iter= 316 steps=  1582000 reward=  2.390 length=  172.1 shots= 4.49 ammo= 0.51 reward_per_bullet=  0.563 sps=   600
iter= 317 steps=  1587000 reward=  2.320 length=  164.3 shots= 4.36 ammo= 0.64 reward_per_bullet=  0.557 sps=   600
iter= 318 steps=  1592000 reward=  2.260 length=  169.1 shots= 4.24 ammo= 0.76 reward_per_bullet=  0.578 sps=   600
iter= 319 steps=  1597000 reward=  2.260 length=  170.9 shots= 4.13 ammo= 0.87 reward_per_bullet=  0.586 sps=   600
iter= 320 steps=  1602040 reward=  2.170 length=  173.7 shots= 4.07 ammo= 0.93 reward_per_bullet=  0.559 sps=   600
iter= 321 steps=  1607040 reward=  2.110 length=  182.6 shots= 4.27 ammo= 0.73 reward_per_bullet=  0.520 sps=   600
iter= 322 steps=  1612040 reward=  2.230 length=  178.2 shots= 4.19 ammo= 0.81 reward_per_bullet=  0.567 sps=   600
iter= 323 steps=  1617040 reward=  2.250 length=  183.8 shots= 4.23 ammo= 0.77 reward_per_bullet=  0.573 sps=   600
iter= 324 steps=  1622040 reward=  2.300 length=  180.9 shots= 4.26 ammo= 0.74 reward_per_bullet=  0.583 sps=   600
iter= 325 steps=  1627040 reward=  2.210 length=  171.2 shots= 4.16 ammo= 0.84 reward_per_bullet=  0.586 sps=   601
checkpoint=/Users/gbrero/active-research/StackelbergPOMDP/Code/StackelbergPOMDP/replication/atari/checkpoints/space_invaders_5bullets_a3c_seed1.pkl
iter= 326 steps=  1632040 reward=  2.370 length=  181.0 shots= 4.33 ammo= 0.67 reward_per_bullet=  0.576 sps=   601
iter= 327 steps=  1637040 reward=  2.370 length=  181.0 shots= 4.33 ammo= 0.67 reward_per_bullet=  0.575 sps=   601
iter= 328 steps=  1642040 reward=  2.320 length=  190.3 shots= 4.26 ammo= 0.74 reward_per_bullet=  0.578 sps=   601
iter= 329 steps=  1647040 reward=  2.270 length=  193.8 shots= 4.37 ammo= 0.63 reward_per_bullet=  0.536 sps=   601
iter= 330 steps=  1652040 reward=  2.080 length=  184.3 shots= 4.33 ammo= 0.67 reward_per_bullet=  0.507 sps=   601
iter= 331 steps=  1657040 reward=  2.100 length=  167.6 shots= 4.25 ammo= 0.75 reward_per_bullet=  0.523 sps=   601
iter= 332 steps=  1662040 reward=  2.220 length=  167.1 shots= 4.15 ammo= 0.85 reward_per_bullet=  0.564 sps=   601
iter= 333 steps=  1667040 reward=  2.290 length=  174.4 shots= 4.25 ammo= 0.75 reward_per_bullet=  0.572 sps=   601
iter= 334 steps=  1672080 reward=  2.290 length=  172.5 shots= 4.23 ammo= 0.77 reward_per_bullet=  0.562 sps=   602
iter= 335 steps=  1677080 reward=  2.220 length=  171.9 shots= 4.29 ammo= 0.71 reward_per_bullet=  0.551 sps=   602
iter= 336 steps=  1682080 reward=  2.340 length=  150.3 shots= 4.19 ammo= 0.81 reward_per_bullet=  0.591 sps=   602
iter= 337 steps=  1687080 reward=  2.400 length=  159.2 shots= 4.27 ammo= 0.73 reward_per_bullet=  0.602 sps=   602
iter= 338 steps=  1692080 reward=  2.430 length=  161.4 shots= 4.32 ammo= 0.68 reward_per_bullet=  0.596 sps=   602
iter= 339 steps=  1697120 reward=  2.410 length=  179.2 shots= 4.44 ammo= 0.56 reward_per_bullet=  0.566 sps=   602
iter= 340 steps=  1702140 reward=  2.320 length=  173.6 shots= 4.41 ammo= 0.59 reward_per_bullet=  0.558 sps=   602
iter= 341 steps=  1707140 reward=  2.300 length=  178.5 shots= 4.51 ammo= 0.49 reward_per_bullet=  0.542 sps=   602
iter= 342 steps=  1712140 reward=  2.200 length=  179.3 shots= 4.49 ammo= 0.51 reward_per_bullet=  0.529 sps=   602
iter= 343 steps=  1717160 reward=  2.090 length=  176.3 shots= 4.37 ammo= 0.63 reward_per_bullet=  0.514 sps=   603
iter= 344 steps=  1722160 reward=  1.990 length=  175.0 shots= 4.28 ammo= 0.72 reward_per_bullet=  0.484 sps=   603
iter= 345 steps=  1727180 reward=  1.950 length=  181.0 shots= 4.24 ammo= 0.76 reward_per_bullet=  0.479 sps=   603
iter= 346 steps=  1732180 reward=  2.000 length=  174.7 shots= 4.13 ammo= 0.87 reward_per_bullet=  0.510 sps=   603
iter= 347 steps=  1737180 reward=  2.050 length=  173.8 shots= 4.24 ammo= 0.76 reward_per_bullet=  0.512 sps=   603
iter= 348 steps=  1742180 reward=  2.220 length=  181.3 shots= 4.26 ammo= 0.74 reward_per_bullet=  0.569 sps=   603
iter= 349 steps=  1747200 reward=  2.300 length=  184.5 shots= 4.28 ammo= 0.72 reward_per_bullet=  0.584 sps=   603
iter= 350 steps=  1752240 reward=  2.320 length=  174.6 shots= 4.15 ammo= 0.85 reward_per_bullet=  0.610 sps=   603
checkpoint=/Users/gbrero/active-research/StackelbergPOMDP/Code/StackelbergPOMDP/replication/atari/checkpoints/space_invaders_5bullets_a3c_seed1.pkl
iter= 351 steps=  1757260 reward=  2.280 length=  177.1 shots= 4.23 ammo= 0.77 reward_per_bullet=  0.586 sps=   603
iter= 352 steps=  1762260 reward=  2.230 length=  167.6 shots= 4.18 ammo= 0.82 reward_per_bullet=  0.582 sps=   603
iter= 353 steps=  1767260 reward=  2.160 length=  164.4 shots= 4.22 ammo= 0.78 reward_per_bullet=  0.566 sps=   604
iter= 354 steps=  1772260 reward=  2.120 length=  157.3 shots= 4.22 ammo= 0.78 reward_per_bullet=  0.551 sps=   604
iter= 355 steps=  1777280 reward=  2.240 length=  157.1 shots= 4.18 ammo= 0.82 reward_per_bullet=  0.585 sps=   604
iter= 356 steps=  1782300 reward=  2.240 length=  166.9 shots= 4.38 ammo= 0.62 reward_per_bullet=  0.547 sps=   604
iter= 357 steps=  1787300 reward=  2.250 length=  178.3 shots= 4.36 ammo= 0.64 reward_per_bullet=  0.557 sps=   604
iter= 358 steps=  1792300 reward=  2.390 length=  182.9 shots= 4.47 ammo= 0.53 reward_per_bullet=  0.571 sps=   604
iter= 359 steps=  1797300 reward=  2.230 length=  180.1 shots= 4.43 ammo= 0.57 reward_per_bullet=  0.539 sps=   604
iter= 360 steps=  1802300 reward=  2.150 length=  172.7 shots= 4.40 ammo= 0.60 reward_per_bullet=  0.523 sps=   604
iter= 361 steps=  1807300 reward=  2.160 length=  174.3 shots= 4.48 ammo= 0.52 reward_per_bullet=  0.506 sps=   604
iter= 362 steps=  1812320 reward=  2.210 length=  172.0 shots= 4.39 ammo= 0.61 reward_per_bullet=  0.525 sps=   604
iter= 363 steps=  1817360 reward=  2.220 length=  181.1 shots= 4.43 ammo= 0.57 reward_per_bullet=  0.529 sps=   605
iter= 364 steps=  1822380 reward=  2.220 length=  170.6 shots= 4.33 ammo= 0.67 reward_per_bullet=  0.551 sps=   605
iter= 365 steps=  1827380 reward=  2.240 length=  182.1 shots= 4.42 ammo= 0.58 reward_per_bullet=  0.539 sps=   605
iter= 366 steps=  1832400 reward=  2.240 length=  188.4 shots= 4.43 ammo= 0.57 reward_per_bullet=  0.530 sps=   605
iter= 367 steps=  1837400 reward=  2.060 length=  194.6 shots= 4.45 ammo= 0.55 reward_per_bullet=  0.475 sps=   605
iter= 368 steps=  1842420 reward=  1.980 length=  186.6 shots= 4.46 ammo= 0.54 reward_per_bullet=  0.459 sps=   605
iter= 369 steps=  1847420 reward=  1.900 length=  169.6 shots= 4.43 ammo= 0.57 reward_per_bullet=  0.450 sps=   605
iter= 370 steps=  1852420 reward=  1.990 length=  167.5 shots= 4.41 ammo= 0.59 reward_per_bullet=  0.488 sps=   605
iter= 371 steps=  1857420 reward=  2.150 length=  168.0 shots= 4.44 ammo= 0.56 reward_per_bullet=  0.527 sps=   605
iter= 372 steps=  1862440 reward=  2.400 length=  173.0 shots= 4.51 ammo= 0.49 reward_per_bullet=  0.568 sps=   606
iter= 373 steps=  1867440 reward=  2.430 length=  165.8 shots= 4.35 ammo= 0.65 reward_per_bullet=  0.601 sps=   606
iter= 374 steps=  1872440 reward=  2.400 length=  168.9 shots= 4.31 ammo= 0.69 reward_per_bullet=  0.597 sps=   606
iter= 375 steps=  1877440 reward=  2.280 length=  169.7 shots= 4.31 ammo= 0.69 reward_per_bullet=  0.568 sps=   606
checkpoint=/Users/gbrero/active-research/StackelbergPOMDP/Code/StackelbergPOMDP/replication/atari/checkpoints/space_invaders_5bullets_a3c_seed1.pkl
iter= 376 steps=  1882460 reward=  2.230 length=  168.2 shots= 4.26 ammo= 0.74 reward_per_bullet=  0.567 sps=   606
iter= 377 steps=  1887460 reward=  2.220 length=  165.9 shots= 4.26 ammo= 0.74 reward_per_bullet=  0.566 sps=   606
iter= 378 steps=  1892460 reward=  2.220 length=  171.5 shots= 4.19 ammo= 0.81 reward_per_bullet=  0.573 sps=   606
iter= 379 steps=  1897460 reward=  2.190 length=  168.3 shots= 4.21 ammo= 0.79 reward_per_bullet=  0.553 sps=   606
iter= 380 steps=  1902460 reward=  2.280 length=  176.2 shots= 4.28 ammo= 0.72 reward_per_bullet=  0.554 sps=   606
iter= 381 steps=  1907460 reward=  2.210 length=  181.5 shots= 4.40 ammo= 0.60 reward_per_bullet=  0.515 sps=   606
iter= 382 steps=  1912460 reward=  2.220 length=  185.6 shots= 4.48 ammo= 0.52 reward_per_bullet=  0.509 sps=   606
iter= 383 steps=  1917460 reward=  2.140 length=  183.0 shots= 4.42 ammo= 0.58 reward_per_bullet=  0.507 sps=   607
iter= 384 steps=  1922480 reward=  2.130 length=  185.2 shots= 4.41 ammo= 0.59 reward_per_bullet=  0.514 sps=   607
iter= 385 steps=  1927480 reward=  2.200 length=  191.4 shots= 4.50 ammo= 0.50 reward_per_bullet=  0.520 sps=   607
iter= 386 steps=  1932480 reward=  2.250 length=  199.0 shots= 4.48 ammo= 0.52 reward_per_bullet=  0.527 sps=   607
iter= 387 steps=  1937480 reward=  2.220 length=  201.3 shots= 4.43 ammo= 0.57 reward_per_bullet=  0.522 sps=   607
iter= 388 steps=  1942480 reward=  2.220 length=  200.8 shots= 4.38 ammo= 0.62 reward_per_bullet=  0.528 sps=   607
iter= 389 steps=  1947480 reward=  2.180 length=  192.8 shots= 4.35 ammo= 0.65 reward_per_bullet=  0.527 sps=   607
iter= 390 steps=  1952480 reward=  2.070 length=  179.6 shots= 4.31 ammo= 0.69 reward_per_bullet=  0.511 sps=   607
iter= 391 steps=  1957480 reward=  2.210 length=  180.6 shots= 4.32 ammo= 0.68 reward_per_bullet=  0.546 sps=   607
iter= 392 steps=  1962480 reward=  2.340 length=  170.8 shots= 4.29 ammo= 0.71 reward_per_bullet=  0.576 sps=   607
iter= 393 steps=  1967480 reward=  2.480 length=  178.6 shots= 4.36 ammo= 0.64 reward_per_bullet=  0.600 sps=   608
iter= 394 steps=  1972500 reward=  2.520 length=  183.5 shots= 4.46 ammo= 0.54 reward_per_bullet=  0.596 sps=   608
iter= 395 steps=  1977500 reward=  2.370 length=  177.6 shots= 4.31 ammo= 0.69 reward_per_bullet=  0.589 sps=   608
iter= 396 steps=  1982500 reward=  2.230 length=  171.3 shots= 4.23 ammo= 0.77 reward_per_bullet=  0.566 sps=   608
iter= 397 steps=  1987520 reward=  2.230 length=  170.4 shots= 4.23 ammo= 0.77 reward_per_bullet=  0.560 sps=   608
iter= 398 steps=  1992520 reward=  2.160 length=  174.3 shots= 4.24 ammo= 0.76 reward_per_bullet=  0.543 sps=   608
iter= 399 steps=  1997520 reward=  2.180 length=  170.8 shots= 4.27 ammo= 0.73 reward_per_bullet=  0.552 sps=   608
iter= 400 steps=  2002520 reward=  2.340 length=  186.5 shots= 4.45 ammo= 0.55 reward_per_bullet=  0.554 sps=   608
checkpoint=/Users/gbrero/active-research/StackelbergPOMDP/Code/StackelbergPOMDP/replication/atari/checkpoints/space_invaders_5bullets_a3c_seed1.pkl
iter= 401 steps=  2007520 reward=  2.360 length=  182.4 shots= 4.28 ammo= 0.72 reward_per_bullet=  0.583 sps=   608
iter= 402 steps=  2012520 reward=  2.470 length=  175.8 shots= 4.27 ammo= 0.73 reward_per_bullet=  0.609 sps=   608
iter= 403 steps=  2017540 reward=  2.570 length=  176.8 shots= 4.33 ammo= 0.67 reward_per_bullet=  0.632 sps=   608
iter= 404 steps=  2022540 reward=  2.500 length=  171.8 shots= 4.26 ammo= 0.74 reward_per_bullet=  0.631 sps=   608
iter= 405 steps=  2027540 reward=  2.580 length=  174.9 shots= 4.37 ammo= 0.63 reward_per_bullet=  0.627 sps=   608
iter= 406 steps=  2032540 reward=  2.500 length=  172.8 shots= 4.21 ammo= 0.79 reward_per_bullet=  0.642 sps=   608
iter= 407 steps=  2037540 reward=  2.390 length=  179.6 shots= 4.35 ammo= 0.65 reward_per_bullet=  0.591 sps=   608
iter= 408 steps=  2042540 reward=  2.480 length=  186.5 shots= 4.45 ammo= 0.55 reward_per_bullet=  0.592 sps=   608
iter= 409 steps=  2047560 reward=  2.400 length=  186.9 shots= 4.40 ammo= 0.60 reward_per_bullet=  0.588 sps=   608
iter= 410 steps=  2052560 reward=  2.450 length=  189.7 shots= 4.61 ammo= 0.39 reward_per_bullet=  0.560 sps=   608
iter= 411 steps=  2057560 reward=  2.570 length=  193.4 shots= 4.63 ammo= 0.37 reward_per_bullet=  0.580 sps=   608
iter= 412 steps=  2062600 reward=  2.440 length=  198.4 shots= 4.68 ammo= 0.32 reward_per_bullet=  0.545 sps=   608
iter= 413 steps=  2067640 reward=  2.450 length=  197.7 shots= 4.68 ammo= 0.32 reward_per_bullet=  0.539 sps=   608
iter= 414 steps=  2072640 reward=  2.470 length=  201.4 shots= 4.64 ammo= 0.36 reward_per_bullet=  0.546 sps=   608
iter= 415 steps=  2077640 reward=  2.370 length=  190.8 shots= 4.40 ammo= 0.60 reward_per_bullet=  0.561 sps=   608
iter= 416 steps=  2082640 reward=  2.500 length=  191.7 shots= 4.46 ammo= 0.54 reward_per_bullet=  0.578 sps=   609
iter= 417 steps=  2087640 reward=  2.540 length=  187.6 shots= 4.41 ammo= 0.59 reward_per_bullet=  0.609 sps=   609
iter= 418 steps=  2092640 reward=  2.490 length=  186.3 shots= 4.38 ammo= 0.62 reward_per_bullet=  0.602 sps=   609
iter= 419 steps=  2097640 reward=  2.290 length=  183.1 shots= 4.34 ammo= 0.66 reward_per_bullet=  0.571 sps=   609
iter= 420 steps=  2102640 reward=  2.230 length=  177.9 shots= 4.22 ammo= 0.78 reward_per_bullet=  0.574 sps=   609
iter= 421 steps=  2107640 reward=  2.000 length=  166.4 shots= 4.20 ammo= 0.80 reward_per_bullet=  0.516 sps=   609
iter= 422 steps=  2112640 reward=  2.220 length=  163.8 shots= 4.15 ammo= 0.85 reward_per_bullet=  0.563 sps=   609
iter= 423 steps=  2117640 reward=  2.340 length=  166.8 shots= 4.27 ammo= 0.73 reward_per_bullet=  0.570 sps=   609
iter= 424 steps=  2122640 reward=  2.370 length=  172.9 shots= 4.32 ammo= 0.68 reward_per_bullet=  0.559 sps=   609
iter= 425 steps=  2127640 reward=  2.400 length=  186.6 shots= 4.35 ammo= 0.65 reward_per_bullet=  0.557 sps=   609
checkpoint=/Users/gbrero/active-research/StackelbergPOMDP/Code/StackelbergPOMDP/replication/atari/checkpoints/space_invaders_5bullets_a3c_seed1.pkl
iter= 426 steps=  2132640 reward=  2.370 length=  191.0 shots= 4.42 ammo= 0.58 reward_per_bullet=  0.545 sps=   609
iter= 427 steps=  2137640 reward=  2.330 length=  177.4 shots= 4.44 ammo= 0.56 reward_per_bullet=  0.521 sps=   609
iter= 428 steps=  2142640 reward=  2.210 length=  183.3 shots= 4.49 ammo= 0.51 reward_per_bullet=  0.497 sps=   609
iter= 429 steps=  2147660 reward=  2.190 length=  170.7 shots= 4.47 ammo= 0.53 reward_per_bullet=  0.513 sps=   609
iter= 430 steps=  2152660 reward=  2.230 length=  174.9 shots= 4.49 ammo= 0.51 reward_per_bullet=  0.525 sps=   609
iter= 431 steps=  2157660 reward=  2.240 length=  177.2 shots= 4.48 ammo= 0.52 reward_per_bullet=  0.533 sps=   609
iter= 432 steps=  2162660 reward=  2.240 length=  168.3 shots= 4.39 ammo= 0.61 reward_per_bullet=  0.546 sps=   609
iter= 433 steps=  2167660 reward=  2.200 length=  172.9 shots= 4.42 ammo= 0.58 reward_per_bullet=  0.527 sps=   609
iter= 434 steps=  2172660 reward=  2.210 length=  167.7 shots= 4.38 ammo= 0.62 reward_per_bullet=  0.534 sps=   609
iter= 435 steps=  2177660 reward=  2.220 length=  167.9 shots= 4.31 ammo= 0.69 reward_per_bullet=  0.548 sps=   609
iter= 436 steps=  2182660 reward=  2.380 length=  171.4 shots= 4.46 ammo= 0.54 reward_per_bullet=  0.560 sps=   609
iter= 437 steps=  2187660 reward=  2.540 length=  179.9 shots= 4.47 ammo= 0.53 reward_per_bullet=  0.586 sps=   609
iter= 438 steps=  2192660 reward=  2.630 length=  186.4 shots= 4.50 ammo= 0.50 reward_per_bullet=  0.603 sps=   609
iter= 439 steps=  2197660 reward=  2.610 length=  184.8 shots= 4.48 ammo= 0.52 reward_per_bullet=  0.602 sps=   609
iter= 440 steps=  2202660 reward=  2.510 length=  182.9 shots= 4.43 ammo= 0.57 reward_per_bullet=  0.590 sps=   609
iter= 441 steps=  2207660 reward=  2.370 length=  173.2 shots= 4.28 ammo= 0.72 reward_per_bullet=  0.589 sps=   609
iter= 442 steps=  2212680 reward=  2.320 length=  164.9 shots= 4.17 ammo= 0.83 reward_per_bullet=  0.600 sps=   609
iter= 443 steps=  2217680 reward=  2.280 length=  155.3 shots= 4.06 ammo= 0.94 reward_per_bullet=  0.613 sps=   609
iter= 444 steps=  2222720 reward=  2.380 length=  162.2 shots= 4.22 ammo= 0.78 reward_per_bullet=  0.595 sps=   609
iter= 445 steps=  2227720 reward=  2.330 length=  167.2 shots= 4.25 ammo= 0.75 reward_per_bullet=  0.582 sps=   609
iter= 446 steps=  2232720 reward=  2.460 length=  189.3 shots= 4.44 ammo= 0.56 reward_per_bullet=  0.571 sps=   609
iter= 447 steps=  2237760 reward=  2.580 length=  199.9 shots= 4.51 ammo= 0.49 reward_per_bullet=  0.585 sps=   609
iter= 448 steps=  2242800 reward=  2.610 length=  211.0 shots= 4.58 ammo= 0.42 reward_per_bullet=  0.580 sps=   609
iter= 449 steps=  2247800 reward=  2.600 length=  207.4 shots= 4.57 ammo= 0.43 reward_per_bullet=  0.579 sps=   609
iter= 450 steps=  2252820 reward=  2.600 length=  206.0 shots= 4.62 ammo= 0.38 reward_per_bullet=  0.574 sps=   609
checkpoint=/Users/gbrero/active-research/StackelbergPOMDP/Code/StackelbergPOMDP/replication/atari/checkpoints/space_invaders_5bullets_a3c_seed1.pkl
iter= 451 steps=  2257820 reward=  2.420 length=  192.6 shots= 4.55 ammo= 0.45 reward_per_bullet=  0.547 sps=   609
iter= 452 steps=  2262840 reward=  2.400 length=  185.9 shots= 4.47 ammo= 0.53 reward_per_bullet=  0.561 sps=   609
iter= 453 steps=  2267840 reward=  2.360 length=  195.0 shots= 4.51 ammo= 0.49 reward_per_bullet=  0.549 sps=   609
iter= 454 steps=  2272840 reward=  2.340 length=  189.7 shots= 4.52 ammo= 0.48 reward_per_bullet=  0.552 sps=   609
